type octile
height 140
width 500
map
@@@@....@@@....@@@....@@@....@@@....@@@....@@@....@@@....@@@....@@@....@@@....@@@....@@@....@@@....@@@....@@@....@@@....@@@....@@@....@@@....@@@....@@@....@@@....@@@....@@@....@@@....@@@....@@@....@@@....@@@....@@@....@@@....@@@....@@@....@@@....@@@....@@@....@@@....@@@....@@@....@@@....@@@....@@@....@@@....@@@....@@@....@@@....@@@....@@@....@@@....@@@....@@@....@@@....@@@....@@@....@@@....@@@....@@@....@@@....@@@....@@@....@@@....@@@....@@@....@@@....@@@....@@@....@@@....@@@....@@@....@@@..@@@@
@@@@....@@@....@@@....@@@....@@@....@@@....@@@....@@@....@@@....@@@....@@@....@@@....@@@....@@@....@@@....@@@....@@@....@@@....@@@....@@@....@@@....@@@....@@@....@@@....@@@....@@@....@@@....@@@....@@@....@@@....@@@....@@@....@@@....@@@....@@@....@@@....@@@....@@@....@@@....@@@....@@@....@@@....@@@....@@@....@@@....@@@....@@@....@@@....@@@....@@@....@@@....@@@....@@@....@@@....@@@....@@@....@@@....@@@....@@@....@@@....@@@....@@@....@@@....@@@....@@@....@@@....@@@....@@@....@@@....@@@....@@@..@@@@
@@@@....@@@....@@@....@@@....@@@....@@@....@@@....@@@....@@@....@@@....@@@....@@@....@@@....@@@....@@@....@@@....@@@....@@@....@@@....@@@....@@@....@@@....@@@....@@@....@@@....@@@....@@@....@@@....@@@....@@@....@@@....@@@....@@@....@@@....@@@....@@@....@@@....@@@....@@@....@@@....@@@....@@@....@@@....@@@....@@@....@@@....@@@....@@@....@@@....@@@....@@@....@@@....@@@....@@@....@@@....@@@....@@@....@@@....@@@....@@@....@@@....@@@....@@@....@@@....@@@....@@@....@@@....@@@....@@@....@@@....@@@..@@@@
@@@@............................................................................................................................................................................................................................................................................................................................................................................................................................................................................................................@@@@
....................................................................................................................................................................................................................................................................................................................................................................................................................................................................................................................
....................................................................................................................................................................................................................................................................................................................................................................................................................................................................................................................
@@@.................................................................................................................................................................................................................................................................................................................................................................................................................................................................................................................
@@@.................................................................................................................................................................................................................................................................................................................................................................................................................................................................................................................
@@@.....@@@.@@@.@@@.@@@.@@@.@@@.@@@.@@@.@@@.@@@.@@@.@@@.@@@.@@@.@@@.@@@.@@@.@@@.@@@.@@@.@@@.@@@.@@@.@@@.@@@.@@@.@@@.@@@.@@@.@@@.@@@.@@@.@@@.@@@.@@@.@@@.@@@.@@@.@@@.@@@.@@@.@@@.@@@.@@@.@@@.@@@.@@@.@@@.@@@.@@@.@@@.@@@.@@@.@@@.@@@.@@@.@@@.@@@.@@@.@@@.@@@.@@@.@@@.@@@.@@@.@@@.@@@.@@@.@@@.@@@.@@@.@@@.@@@.@@@.@@@.@@@.@@@.@@@.@@@.@@@.@@@.@@@.@@@.@@@.@@@.@@@.@@@.@@@.@@@.@@@.@@@.@@@.@@@.@@@.@@@.@@@.@@@.@@@.@@@.@@@.@@@.@@@.@@@.@@@.@@@.@@@.@@@.@@@.@@@.@@@.@@@.@@@.@@@.@@@.@@@.@@@.@@@.@@@.@@@.@@@.@@@.........
........@@@.@@@.@@@.@@@.@@@.@@@.@@@.@@@.@@@.@@@.@@@.@@@.@@@.@@@.@@@.@@@.@@@.@@@.@@@.@@@.@@@.@@@.@@@.@@@.@@@.@@@.@@@.@@@.@@@.@@@.@@@.@@@.@@@.@@@.@@@.@@@.@@@.@@@.@@@.@@@.@@@.@@@.@@@.@@@.@@@.@@@.@@@.@@@.@@@.@@@.@@@.@@@.@@@.@@@.@@@.@@@.@@@.@@@.@@@.@@@.@@@.@@@.@@@.@@@.@@@.@@@.@@@.@@@.@@@.@@@.@@@.@@@.@@@.@@@.@@@.@@@.@@@.@@@.@@@.@@@.@@@.@@@.@@@.@@@.@@@.@@@.@@@.@@@.@@@.@@@.@@@.@@@.@@@.@@@.@@@.@@@.@@@.@@@.@@@.@@@.@@@.@@@.@@@.@@@.@@@.@@@.@@@.@@@.@@@.@@@.@@@.@@@.@@@.@@@.@@@.@@@.@@@.@@@.@@@.@@@.@@@.........
....................................................................................................................................................................................................................................................................................................................................................................................................................................................................................................................
........@@@.@@@.@@@.@@@.@@@.@@@.@@@.@@@.@@@.@@@.@@@.@@@.@@@.@@@.@@@.@@@.@@@.@@@.@@@.@@@.@@@.@@@.@@@.@@@.@@@.@@@.@@@.@@@.@@@.@@@.@@@.@@@.@@@.@@@.@@@.@@@.@@@.@@@.@@@.@@@.@@@.@@@.@@@.@@@.@@@.@@@.@@@.@@@.@@@.@@@.@@@.@@@.@@@.@@@.@@@.@@@.@@@.@@@.@@@.@@@.@@@.@@@.@@@.@@@.@@@.@@@.@@@.@@@.@@@.@@@.@@@.@@@.@@@.@@@.@@@.@@@.@@@.@@@.@@@.@@@.@@@.@@@.@@@.@@@.@@@.@@@.@@@.@@@.@@@.@@@.@@@.@@@.@@@.@@@.@@@.@@@.@@@.@@@.@@@.@@@.@@@.@@@.@@@.@@@.@@@.@@@.@@@.@@@.@@@.@@@.@@@.@@@.@@@.@@@.@@@.@@@.@@@.@@@.@@@.@@@.@@@.........
........@@@.@@@.@@@.@@@.@@@.@@@.@@@.@@@.@@@.@@@.@@@.@@@.@@@.@@@.@@@.@@@.@@@.@@@.@@@.@@@.@@@.@@@.@@@.@@@.@@@.@@@.@@@.@@@.@@@.@@@.@@@.@@@.@@@.@@@.@@@.@@@.@@@.@@@.@@@.@@@.@@@.@@@.@@@.@@@.@@@.@@@.@@@.@@@.@@@.@@@.@@@.@@@.@@@.@@@.@@@.@@@.@@@.@@@.@@@.@@@.@@@.@@@.@@@.@@@.@@@.@@@.@@@.@@@.@@@.@@@.@@@.@@@.@@@.@@@.@@@.@@@.@@@.@@@.@@@.@@@.@@@.@@@.@@@.@@@.@@@.@@@.@@@.@@@.@@@.@@@.@@@.@@@.@@@.@@@.@@@.@@@.@@@.@@@.@@@.@@@.@@@.@@@.@@@.@@@.@@@.@@@.@@@.@@@.@@@.@@@.@@@.@@@.@@@.@@@.@@@.@@@.@@@.@@@.@@@.@@@.@@@......@@@
@@@..............................................................................................................................................................................................................................................................................................................................................................................................................................................................................................................@@@
@@@.....@@@.@@@.@@@.@@@.@@@.@@@.@@@.@@@.@@@.@@@.@@@.@@@.@@@.@@@.@@@.@@@.@@@.@@@.@@@.@@@.@@@.@@@.@@@.@@@.@@@.@@@.@@@.@@@.@@@.@@@.@@@.@@@.@@@.@@@.@@@.@@@.@@@.@@@.@@@.@@@.@@@.@@@.@@@.@@@.@@@.@@@.@@@.@@@.@@@.@@@.@@@.@@@.@@@.@@@.@@@.@@@.@@@.@@@.@@@.@@@.@@@.@@@.@@@.@@@.@@@.@@@.@@@.@@@.@@@.@@@.@@@.@@@.@@@.@@@.@@@.@@@.@@@.@@@.@@@.@@@.@@@.@@@.@@@.@@@.@@@.@@@.@@@.@@@.@@@.@@@.@@@.@@@.@@@.@@@.@@@.@@@.@@@.@@@.@@@.@@@.@@@.@@@.@@@.@@@.@@@.@@@.@@@.@@@.@@@.@@@.@@@.@@@.@@@.@@@.@@@.@@@.@@@.@@@.@@@.@@@.@@@......@@@
@@@.....@@@.@@@.@@@.@@@.@@@.@@@.@@@.@@@.@@@.@@@.@@@.@@@.@@@.@@@.@@@.@@@.@@@.@@@.@@@.@@@.@@@.@@@.@@@.@@@.@@@.@@@.@@@.@@@.@@@.@@@.@@@.@@@.@@@.@@@.@@@.@@@.@@@.@@@.@@@.@@@.@@@.@@@.@@@.@@@.@@@.@@@.@@@.@@@.@@@.@@@.@@@.@@@.@@@.@@@.@@@.@@@.@@@.@@@.@@@.@@@.@@@.@@@.@@@.@@@.@@@.@@@.@@@.@@@.@@@.@@@.@@@.@@@.@@@.@@@.@@@.@@@.@@@.@@@.@@@.@@@.@@@.@@@.@@@.@@@.@@@.@@@.@@@.@@@.@@@.@@@.@@@.@@@.@@@.@@@.@@@.@@@.@@@.@@@.@@@.@@@.@@@.@@@.@@@.@@@.@@@.@@@.@@@.@@@.@@@.@@@.@@@.@@@.@@@.@@@.@@@.@@@.@@@.@@@.@@@.@@@.@@@.........
....................................................................................................................................................................................................................................................................................................................................................................................................................................................................................................................
........@@@.@@@.@@@.@@@.@@@.@@@.@@@.@@@.@@@.@@@.@@@.@@@.@@@.@@@.@@@.@@@.@@@.@@@.@@@.@@@.@@@.@@@.@@@.@@@.@@@.@@@.@@@.@@@.@@@.@@@.@@@.@@@.@@@.@@@.@@@.@@@.@@@.@@@.@@@.@@@.@@@.@@@.@@@.@@@.@@@.@@@.@@@.@@@.@@@.@@@.@@@.@@@.@@@.@@@.@@@.@@@.@@@.@@@.@@@.@@@.@@@.@@@.@@@.@@@.@@@.@@@.@@@.@@@.@@@.@@@.@@@.@@@.@@@.@@@.@@@.@@@.@@@.@@@.@@@.@@@.@@@.@@@.@@@.@@@.@@@.@@@.@@@.@@@.@@@.@@@.@@@.@@@.@@@.@@@.@@@.@@@.@@@.@@@.@@@.@@@.@@@.@@@.@@@.@@@.@@@.@@@.@@@.@@@.@@@.@@@.@@@.@@@.@@@.@@@.@@@.@@@.@@@.@@@.@@@.@@@.@@@.........
........@@@.@@@.@@@.@@@.@@@.@@@.@@@.@@@.@@@.@@@.@@@.@@@.@@@.@@@.@@@.@@@.@@@.@@@.@@@.@@@.@@@.@@@.@@@.@@@.@@@.@@@.@@@.@@@.@@@.@@@.@@@.@@@.@@@.@@@.@@@.@@@.@@@.@@@.@@@.@@@.@@@.@@@.@@@.@@@.@@@.@@@.@@@.@@@.@@@.@@@.@@@.@@@.@@@.@@@.@@@.@@@.@@@.@@@.@@@.@@@.@@@.@@@.@@@.@@@.@@@.@@@.@@@.@@@.@@@.@@@.@@@.@@@.@@@.@@@.@@@.@@@.@@@.@@@.@@@.@@@.@@@.@@@.@@@.@@@.@@@.@@@.@@@.@@@.@@@.@@@.@@@.@@@.@@@.@@@.@@@.@@@.@@@.@@@.@@@.@@@.@@@.@@@.@@@.@@@.@@@.@@@.@@@.@@@.@@@.@@@.@@@.@@@.@@@.@@@.@@@.@@@.@@@.@@@.@@@.@@@.@@@.........
.................................................................................................................................................................................................................................................................................................................................................................................................................................................................................................................@@@
@@@.....@@@.@@@.@@@.@@@.@@@.@@@.@@@.@@@.@@@.@@@.@@@.@@@.@@@.@@@.@@@.@@@.@@@.@@@.@@@.@@@.@@@.@@@.@@@.@@@.@@@.@@@.@@@.@@@.@@@.@@@.@@@.@@@.@@@.@@@.@@@.@@@.@@@.@@@.@@@.@@@.@@@.@@@.@@@.@@@.@@@.@@@.@@@.@@@.@@@.@@@.@@@.@@@.@@@.@@@.@@@.@@@.@@@.@@@.@@@.@@@.@@@.@@@.@@@.@@@.@@@.@@@.@@@.@@@.@@@.@@@.@@@.@@@.@@@.@@@.@@@.@@@.@@@.@@@.@@@.@@@.@@@.@@@.@@@.@@@.@@@.@@@.@@@.@@@.@@@.@@@.@@@.@@@.@@@.@@@.@@@.@@@.@@@.@@@.@@@.@@@.@@@.@@@.@@@.@@@.@@@.@@@.@@@.@@@.@@@.@@@.@@@.@@@.@@@.@@@.@@@.@@@.@@@.@@@.@@@.@@@.@@@......@@@
@@@.....@@@.@@@.@@@.@@@.@@@.@@@.@@@.@@@.@@@.@@@.@@@.@@@.@@@.@@@.@@@.@@@.@@@.@@@.@@@.@@@.@@@.@@@.@@@.@@@.@@@.@@@.@@@.@@@.@@@.@@@.@@@.@@@.@@@.@@@.@@@.@@@.@@@.@@@.@@@.@@@.@@@.@@@.@@@.@@@.@@@.@@@.@@@.@@@.@@@.@@@.@@@.@@@.@@@.@@@.@@@.@@@.@@@.@@@.@@@.@@@.@@@.@@@.@@@.@@@.@@@.@@@.@@@.@@@.@@@.@@@.@@@.@@@.@@@.@@@.@@@.@@@.@@@.@@@.@@@.@@@.@@@.@@@.@@@.@@@.@@@.@@@.@@@.@@@.@@@.@@@.@@@.@@@.@@@.@@@.@@@.@@@.@@@.@@@.@@@.@@@.@@@.@@@.@@@.@@@.@@@.@@@.@@@.@@@.@@@.@@@.@@@.@@@.@@@.@@@.@@@.@@@.@@@.@@@.@@@.@@@.@@@......@@@
@@@.................................................................................................................................................................................................................................................................................................................................................................................................................................................................................................................
........@@@.@@@.@@@.@@@.@@@.@@@.@@@.@@@.@@@.@@@.@@@.@@@.@@@.@@@.@@@.@@@.@@@.@@@.@@@.@@@.@@@.@@@.@@@.@@@.@@@.@@@.@@@.@@@.@@@.@@@.@@@.@@@.@@@.@@@.@@@.@@@.@@@.@@@.@@@.@@@.@@@.@@@.@@@.@@@.@@@.@@@.@@@.@@@.@@@.@@@.@@@.@@@.@@@.@@@.@@@.@@@.@@@.@@@.@@@.@@@.@@@.@@@.@@@.@@@.@@@.@@@.@@@.@@@.@@@.@@@.@@@.@@@.@@@.@@@.@@@.@@@.@@@.@@@.@@@.@@@.@@@.@@@.@@@.@@@.@@@.@@@.@@@.@@@.@@@.@@@.@@@.@@@.@@@.@@@.@@@.@@@.@@@.@@@.@@@.@@@.@@@.@@@.@@@.@@@.@@@.@@@.@@@.@@@.@@@.@@@.@@@.@@@.@@@.@@@.@@@.@@@.@@@.@@@.@@@.@@@.@@@.........
........@@@.@@@.@@@.@@@.@@@.@@@.@@@.@@@.@@@.@@@.@@@.@@@.@@@.@@@.@@@.@@@.@@@.@@@.@@@.@@@.@@@.@@@.@@@.@@@.@@@.@@@.@@@.@@@.@@@.@@@.@@@.@@@.@@@.@@@.@@@.@@@.@@@.@@@.@@@.@@@.@@@.@@@.@@@.@@@.@@@.@@@.@@@.@@@.@@@.@@@.@@@.@@@.@@@.@@@.@@@.@@@.@@@.@@@.@@@.@@@.@@@.@@@.@@@.@@@.@@@.@@@.@@@.@@@.@@@.@@@.@@@.@@@.@@@.@@@.@@@.@@@.@@@.@@@.@@@.@@@.@@@.@@@.@@@.@@@.@@@.@@@.@@@.@@@.@@@.@@@.@@@.@@@.@@@.@@@.@@@.@@@.@@@.@@@.@@@.@@@.@@@.@@@.@@@.@@@.@@@.@@@.@@@.@@@.@@@.@@@.@@@.@@@.@@@.@@@.@@@.@@@.@@@.@@@.@@@.@@@.@@@.........
....................................................................................................................................................................................................................................................................................................................................................................................................................................................................................................................
........@@@.@@@.@@@.@@@.@@@.@@@.@@@.@@@.@@@.@@@.@@@.@@@.@@@.@@@.@@@.@@@.@@@.@@@.@@@.@@@.@@@.@@@.@@@.@@@.@@@.@@@.@@@.@@@.@@@.@@@.@@@.@@@.@@@.@@@.@@@.@@@.@@@.@@@.@@@.@@@.@@@.@@@.@@@.@@@.@@@.@@@.@@@.@@@.@@@.@@@.@@@.@@@.@@@.@@@.@@@.@@@.@@@.@@@.@@@.@@@.@@@.@@@.@@@.@@@.@@@.@@@.@@@.@@@.@@@.@@@.@@@.@@@.@@@.@@@.@@@.@@@.@@@.@@@.@@@.@@@.@@@.@@@.@@@.@@@.@@@.@@@.@@@.@@@.@@@.@@@.@@@.@@@.@@@.@@@.@@@.@@@.@@@.@@@.@@@.@@@.@@@.@@@.@@@.@@@.@@@.@@@.@@@.@@@.@@@.@@@.@@@.@@@.@@@.@@@.@@@.@@@.@@@.@@@.@@@.@@@.@@@......@@@
@@@.....@@@.@@@.@@@.@@@.@@@.@@@.@@@.@@@.@@@.@@@.@@@.@@@.@@@.@@@.@@@.@@@.@@@.@@@.@@@.@@@.@@@.@@@.@@@.@@@.@@@.@@@.@@@.@@@.@@@.@@@.@@@.@@@.@@@.@@@.@@@.@@@.@@@.@@@.@@@.@@@.@@@.@@@.@@@.@@@.@@@.@@@.@@@.@@@.@@@.@@@.@@@.@@@.@@@.@@@.@@@.@@@.@@@.@@@.@@@.@@@.@@@.@@@.@@@.@@@.@@@.@@@.@@@.@@@.@@@.@@@.@@@.@@@.@@@.@@@.@@@.@@@.@@@.@@@.@@@.@@@.@@@.@@@.@@@.@@@.@@@.@@@.@@@.@@@.@@@.@@@.@@@.@@@.@@@.@@@.@@@.@@@.@@@.@@@.@@@.@@@.@@@.@@@.@@@.@@@.@@@.@@@.@@@.@@@.@@@.@@@.@@@.@@@.@@@.@@@.@@@.@@@.@@@.@@@.@@@.@@@.@@@......@@@
@@@..............................................................................................................................................................................................................................................................................................................................................................................................................................................................................................................@@@
@@@.....@@@.@@@.@@@.@@@.@@@.@@@.@@@.@@@.@@@.@@@.@@@.@@@.@@@.@@@.@@@.@@@.@@@.@@@.@@@.@@@.@@@.@@@.@@@.@@@.@@@.@@@.@@@.@@@.@@@.@@@.@@@.@@@.@@@.@@@.@@@.@@@.@@@.@@@.@@@.@@@.@@@.@@@.@@@.@@@.@@@.@@@.@@@.@@@.@@@.@@@.@@@.@@@.@@@.@@@.@@@.@@@.@@@.@@@.@@@.@@@.@@@.@@@.@@@.@@@.@@@.@@@.@@@.@@@.@@@.@@@.@@@.@@@.@@@.@@@.@@@.@@@.@@@.@@@.@@@.@@@.@@@.@@@.@@@.@@@.@@@.@@@.@@@.@@@.@@@.@@@.@@@.@@@.@@@.@@@.@@@.@@@.@@@.@@@.@@@.@@@.@@@.@@@.@@@.@@@.@@@.@@@.@@@.@@@.@@@.@@@.@@@.@@@.@@@.@@@.@@@.@@@.@@@.@@@.@@@.@@@.@@@.........
........@@@.@@@.@@@.@@@.@@@.@@@.@@@.@@@.@@@.@@@.@@@.@@@.@@@.@@@.@@@.@@@.@@@.@@@.@@@.@@@.@@@.@@@.@@@.@@@.@@@.@@@.@@@.@@@.@@@.@@@.@@@.@@@.@@@.@@@.@@@.@@@.@@@.@@@.@@@.@@@.@@@.@@@.@@@.@@@.@@@.@@@.@@@.@@@.@@@.@@@.@@@.@@@.@@@.@@@.@@@.@@@.@@@.@@@.@@@.@@@.@@@.@@@.@@@.@@@.@@@.@@@.@@@.@@@.@@@.@@@.@@@.@@@.@@@.@@@.@@@.@@@.@@@.@@@.@@@.@@@.@@@.@@@.@@@.@@@.@@@.@@@.@@@.@@@.@@@.@@@.@@@.@@@.@@@.@@@.@@@.@@@.@@@.@@@.@@@.@@@.@@@.@@@.@@@.@@@.@@@.@@@.@@@.@@@.@@@.@@@.@@@.@@@.@@@.@@@.@@@.@@@.@@@.@@@.@@@.@@@.@@@.........
....................................................................................................................................................................................................................................................................................................................................................................................................................................................................................................................
........@@@.@@@.@@@.@@@.@@@.@@@.@@@.@@@.@@@.@@@.@@@.@@@.@@@.@@@.@@@.@@@.@@@.@@@.@@@.@@@.@@@.@@@.@@@.@@@.@@@.@@@.@@@.@@@.@@@.@@@.@@@.@@@.@@@.@@@.@@@.@@@.@@@.@@@.@@@.@@@.@@@.@@@.@@@.@@@.@@@.@@@.@@@.@@@.@@@.@@@.@@@.@@@.@@@.@@@.@@@.@@@.@@@.@@@.@@@.@@@.@@@.@@@.@@@.@@@.@@@.@@@.@@@.@@@.@@@.@@@.@@@.@@@.@@@.@@@.@@@.@@@.@@@.@@@.@@@.@@@.@@@.@@@.@@@.@@@.@@@.@@@.@@@.@@@.@@@.@@@.@@@.@@@.@@@.@@@.@@@.@@@.@@@.@@@.@@@.@@@.@@@.@@@.@@@.@@@.@@@.@@@.@@@.@@@.@@@.@@@.@@@.@@@.@@@.@@@.@@@.@@@.@@@.@@@.@@@.@@@.@@@.........
........@@@.@@@.@@@.@@@.@@@.@@@.@@@.@@@.@@@.@@@.@@@.@@@.@@@.@@@.@@@.@@@.@@@.@@@.@@@.@@@.@@@.@@@.@@@.@@@.@@@.@@@.@@@.@@@.@@@.@@@.@@@.@@@.@@@.@@@.@@@.@@@.@@@.@@@.@@@.@@@.@@@.@@@.@@@.@@@.@@@.@@@.@@@.@@@.@@@.@@@.@@@.@@@.@@@.@@@.@@@.@@@.@@@.@@@.@@@.@@@.@@@.@@@.@@@.@@@.@@@.@@@.@@@.@@@.@@@.@@@.@@@.@@@.@@@.@@@.@@@.@@@.@@@.@@@.@@@.@@@.@@@.@@@.@@@.@@@.@@@.@@@.@@@.@@@.@@@.@@@.@@@.@@@.@@@.@@@.@@@.@@@.@@@.@@@.@@@.@@@.@@@.@@@.@@@.@@@.@@@.@@@.@@@.@@@.@@@.@@@.@@@.@@@.@@@.@@@.@@@.@@@.@@@.@@@.@@@.@@@.@@@......@@@
@@@..............................................................................................................................................................................................................................................................................................................................................................................................................................................................................................................@@@
@@@.....@@@.@@@.@@@.@@@.@@@.@@@.@@@.@@@.@@@.@@@.@@@.@@@.@@@.@@@.@@@.@@@.@@@.@@@.@@@.@@@.@@@.@@@.@@@.@@@.@@@.@@@.@@@.@@@.@@@.@@@.@@@.@@@.@@@.@@@.@@@.@@@.@@@.@@@.@@@.@@@.@@@.@@@.@@@.@@@.@@@.@@@.@@@.@@@.@@@.@@@.@@@.@@@.@@@.@@@.@@@.@@@.@@@.@@@.@@@.@@@.@@@.@@@.@@@.@@@.@@@.@@@.@@@.@@@.@@@.@@@.@@@.@@@.@@@.@@@.@@@.@@@.@@@.@@@.@@@.@@@.@@@.@@@.@@@.@@@.@@@.@@@.@@@.@@@.@@@.@@@.@@@.@@@.@@@.@@@.@@@.@@@.@@@.@@@.@@@.@@@.@@@.@@@.@@@.@@@.@@@.@@@.@@@.@@@.@@@.@@@.@@@.@@@.@@@.@@@.@@@.@@@.@@@.@@@.@@@.@@@.@@@......@@@
@@@.....@@@.@@@.@@@.@@@.@@@.@@@.@@@.@@@.@@@.@@@.@@@.@@@.@@@.@@@.@@@.@@@.@@@.@@@.@@@.@@@.@@@.@@@.@@@.@@@.@@@.@@@.@@@.@@@.@@@.@@@.@@@.@@@.@@@.@@@.@@@.@@@.@@@.@@@.@@@.@@@.@@@.@@@.@@@.@@@.@@@.@@@.@@@.@@@.@@@.@@@.@@@.@@@.@@@.@@@.@@@.@@@.@@@.@@@.@@@.@@@.@@@.@@@.@@@.@@@.@@@.@@@.@@@.@@@.@@@.@@@.@@@.@@@.@@@.@@@.@@@.@@@.@@@.@@@.@@@.@@@.@@@.@@@.@@@.@@@.@@@.@@@.@@@.@@@.@@@.@@@.@@@.@@@.@@@.@@@.@@@.@@@.@@@.@@@.@@@.@@@.@@@.@@@.@@@.@@@.@@@.@@@.@@@.@@@.@@@.@@@.@@@.@@@.@@@.@@@.@@@.@@@.@@@.@@@.@@@.@@@.@@@.........
....................................................................................................................................................................................................................................................................................................................................................................................................................................................................................................................
........@@@.@@@.@@@.@@@.@@@.@@@.@@@.@@@.@@@.@@@.@@@.@@@.@@@.@@@.@@@.@@@.@@@.@@@.@@@.@@@.@@@.@@@.@@@.@@@.@@@.@@@.@@@.@@@.@@@.@@@.@@@.@@@.@@@.@@@.@@@.@@@.@@@.@@@.@@@.@@@.@@@.@@@.@@@.@@@.@@@.@@@.@@@.@@@.@@@.@@@.@@@.@@@.@@@.@@@.@@@.@@@.@@@.@@@.@@@.@@@.@@@.@@@.@@@.@@@.@@@.@@@.@@@.@@@.@@@.@@@.@@@.@@@.@@@.@@@.@@@.@@@.@@@.@@@.@@@.@@@.@@@.@@@.@@@.@@@.@@@.@@@.@@@.@@@.@@@.@@@.@@@.@@@.@@@.@@@.@@@.@@@.@@@.@@@.@@@.@@@.@@@.@@@.@@@.@@@.@@@.@@@.@@@.@@@.@@@.@@@.@@@.@@@.@@@.@@@.@@@.@@@.@@@.@@@.@@@.@@@.@@@.........
........@@@.@@@.@@@.@@@.@@@.@@@.@@@.@@@.@@@.@@@.@@@.@@@.@@@.@@@.@@@.@@@.@@@.@@@.@@@.@@@.@@@.@@@.@@@.@@@.@@@.@@@.@@@.@@@.@@@.@@@.@@@.@@@.@@@.@@@.@@@.@@@.@@@.@@@.@@@.@@@.@@@.@@@.@@@.@@@.@@@.@@@.@@@.@@@.@@@.@@@.@@@.@@@.@@@.@@@.@@@.@@@.@@@.@@@.@@@.@@@.@@@.@@@.@@@.@@@.@@@.@@@.@@@.@@@.@@@.@@@.@@@.@@@.@@@.@@@.@@@.@@@.@@@.@@@.@@@.@@@.@@@.@@@.@@@.@@@.@@@.@@@.@@@.@@@.@@@.@@@.@@@.@@@.@@@.@@@.@@@.@@@.@@@.@@@.@@@.@@@.@@@.@@@.@@@.@@@.@@@.@@@.@@@.@@@.@@@.@@@.@@@.@@@.@@@.@@@.@@@.@@@.@@@.@@@.@@@.@@@.@@@.........
.................................................................................................................................................................................................................................................................................................................................................................................................................................................................................................................@@@
@@@.....@@@.@@@.@@@.@@@.@@@.@@@.@@@.@@@.@@@.@@@.@@@.@@@.@@@.@@@.@@@.@@@.@@@.@@@.@@@.@@@.@@@.@@@.@@@.@@@.@@@.@@@.@@@.@@@.@@@.@@@.@@@.@@@.@@@.@@@.@@@.@@@.@@@.@@@.@@@.@@@.@@@.@@@.@@@.@@@.@@@.@@@.@@@.@@@.@@@.@@@.@@@.@@@.@@@.@@@.@@@.@@@.@@@.@@@.@@@.@@@.@@@.@@@.@@@.@@@.@@@.@@@.@@@.@@@.@@@.@@@.@@@.@@@.@@@.@@@.@@@.@@@.@@@.@@@.@@@.@@@.@@@.@@@.@@@.@@@.@@@.@@@.@@@.@@@.@@@.@@@.@@@.@@@.@@@.@@@.@@@.@@@.@@@.@@@.@@@.@@@.@@@.@@@.@@@.@@@.@@@.@@@.@@@.@@@.@@@.@@@.@@@.@@@.@@@.@@@.@@@.@@@.@@@.@@@.@@@.@@@.@@@......@@@
@@@.....@@@.@@@.@@@.@@@.@@@.@@@.@@@.@@@.@@@.@@@.@@@.@@@.@@@.@@@.@@@.@@@.@@@.@@@.@@@.@@@.@@@.@@@.@@@.@@@.@@@.@@@.@@@.@@@.@@@.@@@.@@@.@@@.@@@.@@@.@@@.@@@.@@@.@@@.@@@.@@@.@@@.@@@.@@@.@@@.@@@.@@@.@@@.@@@.@@@.@@@.@@@.@@@.@@@.@@@.@@@.@@@.@@@.@@@.@@@.@@@.@@@.@@@.@@@.@@@.@@@.@@@.@@@.@@@.@@@.@@@.@@@.@@@.@@@.@@@.@@@.@@@.@@@.@@@.@@@.@@@.@@@.@@@.@@@.@@@.@@@.@@@.@@@.@@@.@@@.@@@.@@@.@@@.@@@.@@@.@@@.@@@.@@@.@@@.@@@.@@@.@@@.@@@.@@@.@@@.@@@.@@@.@@@.@@@.@@@.@@@.@@@.@@@.@@@.@@@.@@@.@@@.@@@.@@@.@@@.@@@.@@@......@@@
@@@.................................................................................................................................................................................................................................................................................................................................................................................................................................................................................................................
........@@@.@@@.@@@.@@@.@@@.@@@.@@@.@@@.@@@.@@@.@@@.@@@.@@@.@@@.@@@.@@@.@@@.@@@.@@@.@@@.@@@.@@@.@@@.@@@.@@@.@@@.@@@.@@@.@@@.@@@.@@@.@@@.@@@.@@@.@@@.@@@.@@@.@@@.@@@.@@@.@@@.@@@.@@@.@@@.@@@.@@@.@@@.@@@.@@@.@@@.@@@.@@@.@@@.@@@.@@@.@@@.@@@.@@@.@@@.@@@.@@@.@@@.@@@.@@@.@@@.@@@.@@@.@@@.@@@.@@@.@@@.@@@.@@@.@@@.@@@.@@@.@@@.@@@.@@@.@@@.@@@.@@@.@@@.@@@.@@@.@@@.@@@.@@@.@@@.@@@.@@@.@@@.@@@.@@@.@@@.@@@.@@@.@@@.@@@.@@@.@@@.@@@.@@@.@@@.@@@.@@@.@@@.@@@.@@@.@@@.@@@.@@@.@@@.@@@.@@@.@@@.@@@.@@@.@@@.@@@.@@@.........
........@@@.@@@.@@@.@@@.@@@.@@@.@@@.@@@.@@@.@@@.@@@.@@@.@@@.@@@.@@@.@@@.@@@.@@@.@@@.@@@.@@@.@@@.@@@.@@@.@@@.@@@.@@@.@@@.@@@.@@@.@@@.@@@.@@@.@@@.@@@.@@@.@@@.@@@.@@@.@@@.@@@.@@@.@@@.@@@.@@@.@@@.@@@.@@@.@@@.@@@.@@@.@@@.@@@.@@@.@@@.@@@.@@@.@@@.@@@.@@@.@@@.@@@.@@@.@@@.@@@.@@@.@@@.@@@.@@@.@@@.@@@.@@@.@@@.@@@.@@@.@@@.@@@.@@@.@@@.@@@.@@@.@@@.@@@.@@@.@@@.@@@.@@@.@@@.@@@.@@@.@@@.@@@.@@@.@@@.@@@.@@@.@@@.@@@.@@@.@@@.@@@.@@@.@@@.@@@.@@@.@@@.@@@.@@@.@@@.@@@.@@@.@@@.@@@.@@@.@@@.@@@.@@@.@@@.@@@.@@@.@@@.........
....................................................................................................................................................................................................................................................................................................................................................................................................................................................................................................................
........@@@.@@@.@@@.@@@.@@@.@@@.@@@.@@@.@@@.@@@.@@@.@@@.@@@.@@@.@@@.@@@.@@@.@@@.@@@.@@@.@@@.@@@.@@@.@@@.@@@.@@@.@@@.@@@.@@@.@@@.@@@.@@@.@@@.@@@.@@@.@@@.@@@.@@@.@@@.@@@.@@@.@@@.@@@.@@@.@@@.@@@.@@@.@@@.@@@.@@@.@@@.@@@.@@@.@@@.@@@.@@@.@@@.@@@.@@@.@@@.@@@.@@@.@@@.@@@.@@@.@@@.@@@.@@@.@@@.@@@.@@@.@@@.@@@.@@@.@@@.@@@.@@@.@@@.@@@.@@@.@@@.@@@.@@@.@@@.@@@.@@@.@@@.@@@.@@@.@@@.@@@.@@@.@@@.@@@.@@@.@@@.@@@.@@@.@@@.@@@.@@@.@@@.@@@.@@@.@@@.@@@.@@@.@@@.@@@.@@@.@@@.@@@.@@@.@@@.@@@.@@@.@@@.@@@.@@@.@@@.@@@......@@@
@@@.....@@@.@@@.@@@.@@@.@@@.@@@.@@@.@@@.@@@.@@@.@@@.@@@.@@@.@@@.@@@.@@@.@@@.@@@.@@@.@@@.@@@.@@@.@@@.@@@.@@@.@@@.@@@.@@@.@@@.@@@.@@@.@@@.@@@.@@@.@@@.@@@.@@@.@@@.@@@.@@@.@@@.@@@.@@@.@@@.@@@.@@@.@@@.@@@.@@@.@@@.@@@.@@@.@@@.@@@.@@@.@@@.@@@.@@@.@@@.@@@.@@@.@@@.@@@.@@@.@@@.@@@.@@@.@@@.@@@.@@@.@@@.@@@.@@@.@@@.@@@.@@@.@@@.@@@.@@@.@@@.@@@.@@@.@@@.@@@.@@@.@@@.@@@.@@@.@@@.@@@.@@@.@@@.@@@.@@@.@@@.@@@.@@@.@@@.@@@.@@@.@@@.@@@.@@@.@@@.@@@.@@@.@@@.@@@.@@@.@@@.@@@.@@@.@@@.@@@.@@@.@@@.@@@.@@@.@@@.@@@.@@@......@@@
@@@..............................................................................................................................................................................................................................................................................................................................................................................................................................................................................................................@@@
@@@.....@@@.@@@.@@@.@@@.@@@.@@@.@@@.@@@.@@@.@@@.@@@.@@@.@@@.@@@.@@@.@@@.@@@.@@@.@@@.@@@.@@@.@@@.@@@.@@@.@@@.@@@.@@@.@@@.@@@.@@@.@@@.@@@.@@@.@@@.@@@.@@@.@@@.@@@.@@@.@@@.@@@.@@@.@@@.@@@.@@@.@@@.@@@.@@@.@@@.@@@.@@@.@@@.@@@.@@@.@@@.@@@.@@@.@@@.@@@.@@@.@@@.@@@.@@@.@@@.@@@.@@@.@@@.@@@.@@@.@@@.@@@.@@@.@@@.@@@.@@@.@@@.@@@.@@@.@@@.@@@.@@@.@@@.@@@.@@@.@@@.@@@.@@@.@@@.@@@.@@@.@@@.@@@.@@@.@@@.@@@.@@@.@@@.@@@.@@@.@@@.@@@.@@@.@@@.@@@.@@@.@@@.@@@.@@@.@@@.@@@.@@@.@@@.@@@.@@@.@@@.@@@.@@@.@@@.@@@.@@@.@@@.........
........@@@.@@@.@@@.@@@.@@@.@@@.@@@.@@@.@@@.@@@.@@@.@@@.@@@.@@@.@@@.@@@.@@@.@@@.@@@.@@@.@@@.@@@.@@@.@@@.@@@.@@@.@@@.@@@.@@@.@@@.@@@.@@@.@@@.@@@.@@@.@@@.@@@.@@@.@@@.@@@.@@@.@@@.@@@.@@@.@@@.@@@.@@@.@@@.@@@.@@@.@@@.@@@.@@@.@@@.@@@.@@@.@@@.@@@.@@@.@@@.@@@.@@@.@@@.@@@.@@@.@@@.@@@.@@@.@@@.@@@.@@@.@@@.@@@.@@@.@@@.@@@.@@@.@@@.@@@.@@@.@@@.@@@.@@@.@@@.@@@.@@@.@@@.@@@.@@@.@@@.@@@.@@@.@@@.@@@.@@@.@@@.@@@.@@@.@@@.@@@.@@@.@@@.@@@.@@@.@@@.@@@.@@@.@@@.@@@.@@@.@@@.@@@.@@@.@@@.@@@.@@@.@@@.@@@.@@@.@@@.@@@.........
....................................................................................................................................................................................................................................................................................................................................................................................................................................................................................................................
........@@@.@@@.@@@.@@@.@@@.@@@.@@@.@@@.@@@.@@@.@@@.@@@.@@@.@@@.@@@.@@@.@@@.@@@.@@@.@@@.@@@.@@@.@@@.@@@.@@@.@@@.@@@.@@@.@@@.@@@.@@@.@@@.@@@.@@@.@@@.@@@.@@@.@@@.@@@.@@@.@@@.@@@.@@@.@@@.@@@.@@@.@@@.@@@.@@@.@@@.@@@.@@@.@@@.@@@.@@@.@@@.@@@.@@@.@@@.@@@.@@@.@@@.@@@.@@@.@@@.@@@.@@@.@@@.@@@.@@@.@@@.@@@.@@@.@@@.@@@.@@@.@@@.@@@.@@@.@@@.@@@.@@@.@@@.@@@.@@@.@@@.@@@.@@@.@@@.@@@.@@@.@@@.@@@.@@@.@@@.@@@.@@@.@@@.@@@.@@@.@@@.@@@.@@@.@@@.@@@.@@@.@@@.@@@.@@@.@@@.@@@.@@@.@@@.@@@.@@@.@@@.@@@.@@@.@@@.@@@.@@@.........
........@@@.@@@.@@@.@@@.@@@.@@@.@@@.@@@.@@@.@@@.@@@.@@@.@@@.@@@.@@@.@@@.@@@.@@@.@@@.@@@.@@@.@@@.@@@.@@@.@@@.@@@.@@@.@@@.@@@.@@@.@@@.@@@.@@@.@@@.@@@.@@@.@@@.@@@.@@@.@@@.@@@.@@@.@@@.@@@.@@@.@@@.@@@.@@@.@@@.@@@.@@@.@@@.@@@.@@@.@@@.@@@.@@@.@@@.@@@.@@@.@@@.@@@.@@@.@@@.@@@.@@@.@@@.@@@.@@@.@@@.@@@.@@@.@@@.@@@.@@@.@@@.@@@.@@@.@@@.@@@.@@@.@@@.@@@.@@@.@@@.@@@.@@@.@@@.@@@.@@@.@@@.@@@.@@@.@@@.@@@.@@@.@@@.@@@.@@@.@@@.@@@.@@@.@@@.@@@.@@@.@@@.@@@.@@@.@@@.@@@.@@@.@@@.@@@.@@@.@@@.@@@.@@@.@@@.@@@.@@@.@@@......@@@
@@@..............................................................................................................................................................................................................................................................................................................................................................................................................................................................................................................@@@
@@@.....@@@.@@@.@@@.@@@.@@@.@@@.@@@.@@@.@@@.@@@.@@@.@@@.@@@.@@@.@@@.@@@.@@@.@@@.@@@.@@@.@@@.@@@.@@@.@@@.@@@.@@@.@@@.@@@.@@@.@@@.@@@.@@@.@@@.@@@.@@@.@@@.@@@.@@@.@@@.@@@.@@@.@@@.@@@.@@@.@@@.@@@.@@@.@@@.@@@.@@@.@@@.@@@.@@@.@@@.@@@.@@@.@@@.@@@.@@@.@@@.@@@.@@@.@@@.@@@.@@@.@@@.@@@.@@@.@@@.@@@.@@@.@@@.@@@.@@@.@@@.@@@.@@@.@@@.@@@.@@@.@@@.@@@.@@@.@@@.@@@.@@@.@@@.@@@.@@@.@@@.@@@.@@@.@@@.@@@.@@@.@@@.@@@.@@@.@@@.@@@.@@@.@@@.@@@.@@@.@@@.@@@.@@@.@@@.@@@.@@@.@@@.@@@.@@@.@@@.@@@.@@@.@@@.@@@.@@@.@@@.@@@......@@@
@@@.....@@@.@@@.@@@.@@@.@@@.@@@.@@@.@@@.@@@.@@@.@@@.@@@.@@@.@@@.@@@.@@@.@@@.@@@.@@@.@@@.@@@.@@@.@@@.@@@.@@@.@@@.@@@.@@@.@@@.@@@.@@@.@@@.@@@.@@@.@@@.@@@.@@@.@@@.@@@.@@@.@@@.@@@.@@@.@@@.@@@.@@@.@@@.@@@.@@@.@@@.@@@.@@@.@@@.@@@.@@@.@@@.@@@.@@@.@@@.@@@.@@@.@@@.@@@.@@@.@@@.@@@.@@@.@@@.@@@.@@@.@@@.@@@.@@@.@@@.@@@.@@@.@@@.@@@.@@@.@@@.@@@.@@@.@@@.@@@.@@@.@@@.@@@.@@@.@@@.@@@.@@@.@@@.@@@.@@@.@@@.@@@.@@@.@@@.@@@.@@@.@@@.@@@.@@@.@@@.@@@.@@@.@@@.@@@.@@@.@@@.@@@.@@@.@@@.@@@.@@@.@@@.@@@.@@@.@@@.@@@.@@@.........
....................................................................................................................................................................................................................................................................................................................................................................................................................................................................................................................
........@@@.@@@.@@@.@@@.@@@.@@@.@@@.@@@.@@@.@@@.@@@.@@@.@@@.@@@.@@@.@@@.@@@.@@@.@@@.@@@.@@@.@@@.@@@.@@@.@@@.@@@.@@@.@@@.@@@.@@@.@@@.@@@.@@@.@@@.@@@.@@@.@@@.@@@.@@@.@@@.@@@.@@@.@@@.@@@.@@@.@@@.@@@.@@@.@@@.@@@.@@@.@@@.@@@.@@@.@@@.@@@.@@@.@@@.@@@.@@@.@@@.@@@.@@@.@@@.@@@.@@@.@@@.@@@.@@@.@@@.@@@.@@@.@@@.@@@.@@@.@@@.@@@.@@@.@@@.@@@.@@@.@@@.@@@.@@@.@@@.@@@.@@@.@@@.@@@.@@@.@@@.@@@.@@@.@@@.@@@.@@@.@@@.@@@.@@@.@@@.@@@.@@@.@@@.@@@.@@@.@@@.@@@.@@@.@@@.@@@.@@@.@@@.@@@.@@@.@@@.@@@.@@@.@@@.@@@.@@@.@@@.........
........@@@.@@@.@@@.@@@.@@@.@@@.@@@.@@@.@@@.@@@.@@@.@@@.@@@.@@@.@@@.@@@.@@@.@@@.@@@.@@@.@@@.@@@.@@@.@@@.@@@.@@@.@@@.@@@.@@@.@@@.@@@.@@@.@@@.@@@.@@@.@@@.@@@.@@@.@@@.@@@.@@@.@@@.@@@.@@@.@@@.@@@.@@@.@@@.@@@.@@@.@@@.@@@.@@@.@@@.@@@.@@@.@@@.@@@.@@@.@@@.@@@.@@@.@@@.@@@.@@@.@@@.@@@.@@@.@@@.@@@.@@@.@@@.@@@.@@@.@@@.@@@.@@@.@@@.@@@.@@@.@@@.@@@.@@@.@@@.@@@.@@@.@@@.@@@.@@@.@@@.@@@.@@@.@@@.@@@.@@@.@@@.@@@.@@@.@@@.@@@.@@@.@@@.@@@.@@@.@@@.@@@.@@@.@@@.@@@.@@@.@@@.@@@.@@@.@@@.@@@.@@@.@@@.@@@.@@@.@@@.@@@.........
.................................................................................................................................................................................................................................................................................................................................................................................................................................................................................................................@@@
@@@.....@@@.@@@.@@@.@@@.@@@.@@@.@@@.@@@.@@@.@@@.@@@.@@@.@@@.@@@.@@@.@@@.@@@.@@@.@@@.@@@.@@@.@@@.@@@.@@@.@@@.@@@.@@@.@@@.@@@.@@@.@@@.@@@.@@@.@@@.@@@.@@@.@@@.@@@.@@@.@@@.@@@.@@@.@@@.@@@.@@@.@@@.@@@.@@@.@@@.@@@.@@@.@@@.@@@.@@@.@@@.@@@.@@@.@@@.@@@.@@@.@@@.@@@.@@@.@@@.@@@.@@@.@@@.@@@.@@@.@@@.@@@.@@@.@@@.@@@.@@@.@@@.@@@.@@@.@@@.@@@.@@@.@@@.@@@.@@@.@@@.@@@.@@@.@@@.@@@.@@@.@@@.@@@.@@@.@@@.@@@.@@@.@@@.@@@.@@@.@@@.@@@.@@@.@@@.@@@.@@@.@@@.@@@.@@@.@@@.@@@.@@@.@@@.@@@.@@@.@@@.@@@.@@@.@@@.@@@.@@@.@@@......@@@
@@@.....@@@.@@@.@@@.@@@.@@@.@@@.@@@.@@@.@@@.@@@.@@@.@@@.@@@.@@@.@@@.@@@.@@@.@@@.@@@.@@@.@@@.@@@.@@@.@@@.@@@.@@@.@@@.@@@.@@@.@@@.@@@.@@@.@@@.@@@.@@@.@@@.@@@.@@@.@@@.@@@.@@@.@@@.@@@.@@@.@@@.@@@.@@@.@@@.@@@.@@@.@@@.@@@.@@@.@@@.@@@.@@@.@@@.@@@.@@@.@@@.@@@.@@@.@@@.@@@.@@@.@@@.@@@.@@@.@@@.@@@.@@@.@@@.@@@.@@@.@@@.@@@.@@@.@@@.@@@.@@@.@@@.@@@.@@@.@@@.@@@.@@@.@@@.@@@.@@@.@@@.@@@.@@@.@@@.@@@.@@@.@@@.@@@.@@@.@@@.@@@.@@@.@@@.@@@.@@@.@@@.@@@.@@@.@@@.@@@.@@@.@@@.@@@.@@@.@@@.@@@.@@@.@@@.@@@.@@@.@@@.@@@......@@@
@@@.................................................................................................................................................................................................................................................................................................................................................................................................................................................................................................................
........@@@.@@@.@@@.@@@.@@@.@@@.@@@.@@@.@@@.@@@.@@@.@@@.@@@.@@@.@@@.@@@.@@@.@@@.@@@.@@@.@@@.@@@.@@@.@@@.@@@.@@@.@@@.@@@.@@@.@@@.@@@.@@@.@@@.@@@.@@@.@@@.@@@.@@@.@@@.@@@.@@@.@@@.@@@.@@@.@@@.@@@.@@@.@@@.@@@.@@@.@@@.@@@.@@@.@@@.@@@.@@@.@@@.@@@.@@@.@@@.@@@.@@@.@@@.@@@.@@@.@@@.@@@.@@@.@@@.@@@.@@@.@@@.@@@.@@@.@@@.@@@.@@@.@@@.@@@.@@@.@@@.@@@.@@@.@@@.@@@.@@@.@@@.@@@.@@@.@@@.@@@.@@@.@@@.@@@.@@@.@@@.@@@.@@@.@@@.@@@.@@@.@@@.@@@.@@@.@@@.@@@.@@@.@@@.@@@.@@@.@@@.@@@.@@@.@@@.@@@.@@@.@@@.@@@.@@@.@@@.@@@.........
........@@@.@@@.@@@.@@@.@@@.@@@.@@@.@@@.@@@.@@@.@@@.@@@.@@@.@@@.@@@.@@@.@@@.@@@.@@@.@@@.@@@.@@@.@@@.@@@.@@@.@@@.@@@.@@@.@@@.@@@.@@@.@@@.@@@.@@@.@@@.@@@.@@@.@@@.@@@.@@@.@@@.@@@.@@@.@@@.@@@.@@@.@@@.@@@.@@@.@@@.@@@.@@@.@@@.@@@.@@@.@@@.@@@.@@@.@@@.@@@.@@@.@@@.@@@.@@@.@@@.@@@.@@@.@@@.@@@.@@@.@@@.@@@.@@@.@@@.@@@.@@@.@@@.@@@.@@@.@@@.@@@.@@@.@@@.@@@.@@@.@@@.@@@.@@@.@@@.@@@.@@@.@@@.@@@.@@@.@@@.@@@.@@@.@@@.@@@.@@@.@@@.@@@.@@@.@@@.@@@.@@@.@@@.@@@.@@@.@@@.@@@.@@@.@@@.@@@.@@@.@@@.@@@.@@@.@@@.@@@.@@@.........
....................................................................................................................................................................................................................................................................................................................................................................................................................................................................................................................
........@@@.@@@.@@@.@@@.@@@.@@@.@@@.@@@.@@@.@@@.@@@.@@@.@@@.@@@.@@@.@@@.@@@.@@@.@@@.@@@.@@@.@@@.@@@.@@@.@@@.@@@.@@@.@@@.@@@.@@@.@@@.@@@.@@@.@@@.@@@.@@@.@@@.@@@.@@@.@@@.@@@.@@@.@@@.@@@.@@@.@@@.@@@.@@@.@@@.@@@.@@@.@@@.@@@.@@@.@@@.@@@.@@@.@@@.@@@.@@@.@@@.@@@.@@@.@@@.@@@.@@@.@@@.@@@.@@@.@@@.@@@.@@@.@@@.@@@.@@@.@@@.@@@.@@@.@@@.@@@.@@@.@@@.@@@.@@@.@@@.@@@.@@@.@@@.@@@.@@@.@@@.@@@.@@@.@@@.@@@.@@@.@@@.@@@.@@@.@@@.@@@.@@@.@@@.@@@.@@@.@@@.@@@.@@@.@@@.@@@.@@@.@@@.@@@.@@@.@@@.@@@.@@@.@@@.@@@.@@@.@@@......@@@
@@@.....@@@.@@@.@@@.@@@.@@@.@@@.@@@.@@@.@@@.@@@.@@@.@@@.@@@.@@@.@@@.@@@.@@@.@@@.@@@.@@@.@@@.@@@.@@@.@@@.@@@.@@@.@@@.@@@.@@@.@@@.@@@.@@@.@@@.@@@.@@@.@@@.@@@.@@@.@@@.@@@.@@@.@@@.@@@.@@@.@@@.@@@.@@@.@@@.@@@.@@@.@@@.@@@.@@@.@@@.@@@.@@@.@@@.@@@.@@@.@@@.@@@.@@@.@@@.@@@.@@@.@@@.@@@.@@@.@@@.@@@.@@@.@@@.@@@.@@@.@@@.@@@.@@@.@@@.@@@.@@@.@@@.@@@.@@@.@@@.@@@.@@@.@@@.@@@.@@@.@@@.@@@.@@@.@@@.@@@.@@@.@@@.@@@.@@@.@@@.@@@.@@@.@@@.@@@.@@@.@@@.@@@.@@@.@@@.@@@.@@@.@@@.@@@.@@@.@@@.@@@.@@@.@@@.@@@.@@@.@@@.@@@......@@@
@@@..............................................................................................................................................................................................................................................................................................................................................................................................................................................................................................................@@@
@@@.....@@@.@@@.@@@.@@@.@@@.@@@.@@@.@@@.@@@.@@@.@@@.@@@.@@@.@@@.@@@.@@@.@@@.@@@.@@@.@@@.@@@.@@@.@@@.@@@.@@@.@@@.@@@.@@@.@@@.@@@.@@@.@@@.@@@.@@@.@@@.@@@.@@@.@@@.@@@.@@@.@@@.@@@.@@@.@@@.@@@.@@@.@@@.@@@.@@@.@@@.@@@.@@@.@@@.@@@.@@@.@@@.@@@.@@@.@@@.@@@.@@@.@@@.@@@.@@@.@@@.@@@.@@@.@@@.@@@.@@@.@@@.@@@.@@@.@@@.@@@.@@@.@@@.@@@.@@@.@@@.@@@.@@@.@@@.@@@.@@@.@@@.@@@.@@@.@@@.@@@.@@@.@@@.@@@.@@@.@@@.@@@.@@@.@@@.@@@.@@@.@@@.@@@.@@@.@@@.@@@.@@@.@@@.@@@.@@@.@@@.@@@.@@@.@@@.@@@.@@@.@@@.@@@.@@@.@@@.@@@.@@@.........
........@@@.@@@.@@@.@@@.@@@.@@@.@@@.@@@.@@@.@@@.@@@.@@@.@@@.@@@.@@@.@@@.@@@.@@@.@@@.@@@.@@@.@@@.@@@.@@@.@@@.@@@.@@@.@@@.@@@.@@@.@@@.@@@.@@@.@@@.@@@.@@@.@@@.@@@.@@@.@@@.@@@.@@@.@@@.@@@.@@@.@@@.@@@.@@@.@@@.@@@.@@@.@@@.@@@.@@@.@@@.@@@.@@@.@@@.@@@.@@@.@@@.@@@.@@@.@@@.@@@.@@@.@@@.@@@.@@@.@@@.@@@.@@@.@@@.@@@.@@@.@@@.@@@.@@@.@@@.@@@.@@@.@@@.@@@.@@@.@@@.@@@.@@@.@@@.@@@.@@@.@@@.@@@.@@@.@@@.@@@.@@@.@@@.@@@.@@@.@@@.@@@.@@@.@@@.@@@.@@@.@@@.@@@.@@@.@@@.@@@.@@@.@@@.@@@.@@@.@@@.@@@.@@@.@@@.@@@.@@@.@@@.........
....................................................................................................................................................................................................................................................................................................................................................................................................................................................................................................................
........@@@.@@@.@@@.@@@.@@@.@@@.@@@.@@@.@@@.@@@.@@@.@@@.@@@.@@@.@@@.@@@.@@@.@@@.@@@.@@@.@@@.@@@.@@@.@@@.@@@.@@@.@@@.@@@.@@@.@@@.@@@.@@@.@@@.@@@.@@@.@@@.@@@.@@@.@@@.@@@.@@@.@@@.@@@.@@@.@@@.@@@.@@@.@@@.@@@.@@@.@@@.@@@.@@@.@@@.@@@.@@@.@@@.@@@.@@@.@@@.@@@.@@@.@@@.@@@.@@@.@@@.@@@.@@@.@@@.@@@.@@@.@@@.@@@.@@@.@@@.@@@.@@@.@@@.@@@.@@@.@@@.@@@.@@@.@@@.@@@.@@@.@@@.@@@.@@@.@@@.@@@.@@@.@@@.@@@.@@@.@@@.@@@.@@@.@@@.@@@.@@@.@@@.@@@.@@@.@@@.@@@.@@@.@@@.@@@.@@@.@@@.@@@.@@@.@@@.@@@.@@@.@@@.@@@.@@@.@@@.@@@.........
........@@@.@@@.@@@.@@@.@@@.@@@.@@@.@@@.@@@.@@@.@@@.@@@.@@@.@@@.@@@.@@@.@@@.@@@.@@@.@@@.@@@.@@@.@@@.@@@.@@@.@@@.@@@.@@@.@@@.@@@.@@@.@@@.@@@.@@@.@@@.@@@.@@@.@@@.@@@.@@@.@@@.@@@.@@@.@@@.@@@.@@@.@@@.@@@.@@@.@@@.@@@.@@@.@@@.@@@.@@@.@@@.@@@.@@@.@@@.@@@.@@@.@@@.@@@.@@@.@@@.@@@.@@@.@@@.@@@.@@@.@@@.@@@.@@@.@@@.@@@.@@@.@@@.@@@.@@@.@@@.@@@.@@@.@@@.@@@.@@@.@@@.@@@.@@@.@@@.@@@.@@@.@@@.@@@.@@@.@@@.@@@.@@@.@@@.@@@.@@@.@@@.@@@.@@@.@@@.@@@.@@@.@@@.@@@.@@@.@@@.@@@.@@@.@@@.@@@.@@@.@@@.@@@.@@@.@@@.@@@.@@@......@@@
@@@..............................................................................................................................................................................................................................................................................................................................................................................................................................................................................................................@@@
@@@.....@@@.@@@.@@@.@@@.@@@.@@@.@@@.@@@.@@@.@@@.@@@.@@@.@@@.@@@.@@@.@@@.@@@.@@@.@@@.@@@.@@@.@@@.@@@.@@@.@@@.@@@.@@@.@@@.@@@.@@@.@@@.@@@.@@@.@@@.@@@.@@@.@@@.@@@.@@@.@@@.@@@.@@@.@@@.@@@.@@@.@@@.@@@.@@@.@@@.@@@.@@@.@@@.@@@.@@@.@@@.@@@.@@@.@@@.@@@.@@@.@@@.@@@.@@@.@@@.@@@.@@@.@@@.@@@.@@@.@@@.@@@.@@@.@@@.@@@.@@@.@@@.@@@.@@@.@@@.@@@.@@@.@@@.@@@.@@@.@@@.@@@.@@@.@@@.@@@.@@@.@@@.@@@.@@@.@@@.@@@.@@@.@@@.@@@.@@@.@@@.@@@.@@@.@@@.@@@.@@@.@@@.@@@.@@@.@@@.@@@.@@@.@@@.@@@.@@@.@@@.@@@.@@@.@@@.@@@.@@@.@@@......@@@
@@@.....@@@.@@@.@@@.@@@.@@@.@@@.@@@.@@@.@@@.@@@.@@@.@@@.@@@.@@@.@@@.@@@.@@@.@@@.@@@.@@@.@@@.@@@.@@@.@@@.@@@.@@@.@@@.@@@.@@@.@@@.@@@.@@@.@@@.@@@.@@@.@@@.@@@.@@@.@@@.@@@.@@@.@@@.@@@.@@@.@@@.@@@.@@@.@@@.@@@.@@@.@@@.@@@.@@@.@@@.@@@.@@@.@@@.@@@.@@@.@@@.@@@.@@@.@@@.@@@.@@@.@@@.@@@.@@@.@@@.@@@.@@@.@@@.@@@.@@@.@@@.@@@.@@@.@@@.@@@.@@@.@@@.@@@.@@@.@@@.@@@.@@@.@@@.@@@.@@@.@@@.@@@.@@@.@@@.@@@.@@@.@@@.@@@.@@@.@@@.@@@.@@@.@@@.@@@.@@@.@@@.@@@.@@@.@@@.@@@.@@@.@@@.@@@.@@@.@@@.@@@.@@@.@@@.@@@.@@@.@@@.@@@.........
....................................................................................................................................................................................................................................................................................................................................................................................................................................................................................................................
........@@@.@@@.@@@.@@@.@@@.@@@.@@@.@@@.@@@.@@@.@@@.@@@.@@@.@@@.@@@.@@@.@@@.@@@.@@@.@@@.@@@.@@@.@@@.@@@.@@@.@@@.@@@.@@@.@@@.@@@.@@@.@@@.@@@.@@@.@@@.@@@.@@@.@@@.@@@.@@@.@@@.@@@.@@@.@@@.@@@.@@@.@@@.@@@.@@@.@@@.@@@.@@@.@@@.@@@.@@@.@@@.@@@.@@@.@@@.@@@.@@@.@@@.@@@.@@@.@@@.@@@.@@@.@@@.@@@.@@@.@@@.@@@.@@@.@@@.@@@.@@@.@@@.@@@.@@@.@@@.@@@.@@@.@@@.@@@.@@@.@@@.@@@.@@@.@@@.@@@.@@@.@@@.@@@.@@@.@@@.@@@.@@@.@@@.@@@.@@@.@@@.@@@.@@@.@@@.@@@.@@@.@@@.@@@.@@@.@@@.@@@.@@@.@@@.@@@.@@@.@@@.@@@.@@@.@@@.@@@.@@@.........
........@@@.@@@.@@@.@@@.@@@.@@@.@@@.@@@.@@@.@@@.@@@.@@@.@@@.@@@.@@@.@@@.@@@.@@@.@@@.@@@.@@@.@@@.@@@.@@@.@@@.@@@.@@@.@@@.@@@.@@@.@@@.@@@.@@@.@@@.@@@.@@@.@@@.@@@.@@@.@@@.@@@.@@@.@@@.@@@.@@@.@@@.@@@.@@@.@@@.@@@.@@@.@@@.@@@.@@@.@@@.@@@.@@@.@@@.@@@.@@@.@@@.@@@.@@@.@@@.@@@.@@@.@@@.@@@.@@@.@@@.@@@.@@@.@@@.@@@.@@@.@@@.@@@.@@@.@@@.@@@.@@@.@@@.@@@.@@@.@@@.@@@.@@@.@@@.@@@.@@@.@@@.@@@.@@@.@@@.@@@.@@@.@@@.@@@.@@@.@@@.@@@.@@@.@@@.@@@.@@@.@@@.@@@.@@@.@@@.@@@.@@@.@@@.@@@.@@@.@@@.@@@.@@@.@@@.@@@.@@@.@@@.........
.................................................................................................................................................................................................................................................................................................................................................................................................................................................................................................................@@@
@@@.....@@@.@@@.@@@.@@@.@@@.@@@.@@@.@@@.@@@.@@@.@@@.@@@.@@@.@@@.@@@.@@@.@@@.@@@.@@@.@@@.@@@.@@@.@@@.@@@.@@@.@@@.@@@.@@@.@@@.@@@.@@@.@@@.@@@.@@@.@@@.@@@.@@@.@@@.@@@.@@@.@@@.@@@.@@@.@@@.@@@.@@@.@@@.@@@.@@@.@@@.@@@.@@@.@@@.@@@.@@@.@@@.@@@.@@@.@@@.@@@.@@@.@@@.@@@.@@@.@@@.@@@.@@@.@@@.@@@.@@@.@@@.@@@.@@@.@@@.@@@.@@@.@@@.@@@.@@@.@@@.@@@.@@@.@@@.@@@.@@@.@@@.@@@.@@@.@@@.@@@.@@@.@@@.@@@.@@@.@@@.@@@.@@@.@@@.@@@.@@@.@@@.@@@.@@@.@@@.@@@.@@@.@@@.@@@.@@@.@@@.@@@.@@@.@@@.@@@.@@@.@@@.@@@.@@@.@@@.@@@.@@@......@@@
@@@.....@@@.@@@.@@@.@@@.@@@.@@@.@@@.@@@.@@@.@@@.@@@.@@@.@@@.@@@.@@@.@@@.@@@.@@@.@@@.@@@.@@@.@@@.@@@.@@@.@@@.@@@.@@@.@@@.@@@.@@@.@@@.@@@.@@@.@@@.@@@.@@@.@@@.@@@.@@@.@@@.@@@.@@@.@@@.@@@.@@@.@@@.@@@.@@@.@@@.@@@.@@@.@@@.@@@.@@@.@@@.@@@.@@@.@@@.@@@.@@@.@@@.@@@.@@@.@@@.@@@.@@@.@@@.@@@.@@@.@@@.@@@.@@@.@@@.@@@.@@@.@@@.@@@.@@@.@@@.@@@.@@@.@@@.@@@.@@@.@@@.@@@.@@@.@@@.@@@.@@@.@@@.@@@.@@@.@@@.@@@.@@@.@@@.@@@.@@@.@@@.@@@.@@@.@@@.@@@.@@@.@@@.@@@.@@@.@@@.@@@.@@@.@@@.@@@.@@@.@@@.@@@.@@@.@@@.@@@.@@@.@@@......@@@
@@@.................................................................................................................................................................................................................................................................................................................................................................................................................................................................................................................
........@@@.@@@.@@@.@@@.@@@.@@@.@@@.@@@.@@@.@@@.@@@.@@@.@@@.@@@.@@@.@@@.@@@.@@@.@@@.@@@.@@@.@@@.@@@.@@@.@@@.@@@.@@@.@@@.@@@.@@@.@@@.@@@.@@@.@@@.@@@.@@@.@@@.@@@.@@@.@@@.@@@.@@@.@@@.@@@.@@@.@@@.@@@.@@@.@@@.@@@.@@@.@@@.@@@.@@@.@@@.@@@.@@@.@@@.@@@.@@@.@@@.@@@.@@@.@@@.@@@.@@@.@@@.@@@.@@@.@@@.@@@.@@@.@@@.@@@.@@@.@@@.@@@.@@@.@@@.@@@.@@@.@@@.@@@.@@@.@@@.@@@.@@@.@@@.@@@.@@@.@@@.@@@.@@@.@@@.@@@.@@@.@@@.@@@.@@@.@@@.@@@.@@@.@@@.@@@.@@@.@@@.@@@.@@@.@@@.@@@.@@@.@@@.@@@.@@@.@@@.@@@.@@@.@@@.@@@.@@@.@@@.........
........@@@.@@@.@@@.@@@.@@@.@@@.@@@.@@@.@@@.@@@.@@@.@@@.@@@.@@@.@@@.@@@.@@@.@@@.@@@.@@@.@@@.@@@.@@@.@@@.@@@.@@@.@@@.@@@.@@@.@@@.@@@.@@@.@@@.@@@.@@@.@@@.@@@.@@@.@@@.@@@.@@@.@@@.@@@.@@@.@@@.@@@.@@@.@@@.@@@.@@@.@@@.@@@.@@@.@@@.@@@.@@@.@@@.@@@.@@@.@@@.@@@.@@@.@@@.@@@.@@@.@@@.@@@.@@@.@@@.@@@.@@@.@@@.@@@.@@@.@@@.@@@.@@@.@@@.@@@.@@@.@@@.@@@.@@@.@@@.@@@.@@@.@@@.@@@.@@@.@@@.@@@.@@@.@@@.@@@.@@@.@@@.@@@.@@@.@@@.@@@.@@@.@@@.@@@.@@@.@@@.@@@.@@@.@@@.@@@.@@@.@@@.@@@.@@@.@@@.@@@.@@@.@@@.@@@.@@@.@@@.@@@.........
....................................................................................................................................................................................................................................................................................................................................................................................................................................................................................................................
........@@@.@@@.@@@.@@@.@@@.@@@.@@@.@@@.@@@.@@@.@@@.@@@.@@@.@@@.@@@.@@@.@@@.@@@.@@@.@@@.@@@.@@@.@@@.@@@.@@@.@@@.@@@.@@@.@@@.@@@.@@@.@@@.@@@.@@@.@@@.@@@.@@@.@@@.@@@.@@@.@@@.@@@.@@@.@@@.@@@.@@@.@@@.@@@.@@@.@@@.@@@.@@@.@@@.@@@.@@@.@@@.@@@.@@@.@@@.@@@.@@@.@@@.@@@.@@@.@@@.@@@.@@@.@@@.@@@.@@@.@@@.@@@.@@@.@@@.@@@.@@@.@@@.@@@.@@@.@@@.@@@.@@@.@@@.@@@.@@@.@@@.@@@.@@@.@@@.@@@.@@@.@@@.@@@.@@@.@@@.@@@.@@@.@@@.@@@.@@@.@@@.@@@.@@@.@@@.@@@.@@@.@@@.@@@.@@@.@@@.@@@.@@@.@@@.@@@.@@@.@@@.@@@.@@@.@@@.@@@.@@@......@@@
@@@.....@@@.@@@.@@@.@@@.@@@.@@@.@@@.@@@.@@@.@@@.@@@.@@@.@@@.@@@.@@@.@@@.@@@.@@@.@@@.@@@.@@@.@@@.@@@.@@@.@@@.@@@.@@@.@@@.@@@.@@@.@@@.@@@.@@@.@@@.@@@.@@@.@@@.@@@.@@@.@@@.@@@.@@@.@@@.@@@.@@@.@@@.@@@.@@@.@@@.@@@.@@@.@@@.@@@.@@@.@@@.@@@.@@@.@@@.@@@.@@@.@@@.@@@.@@@.@@@.@@@.@@@.@@@.@@@.@@@.@@@.@@@.@@@.@@@.@@@.@@@.@@@.@@@.@@@.@@@.@@@.@@@.@@@.@@@.@@@.@@@.@@@.@@@.@@@.@@@.@@@.@@@.@@@.@@@.@@@.@@@.@@@.@@@.@@@.@@@.@@@.@@@.@@@.@@@.@@@.@@@.@@@.@@@.@@@.@@@.@@@.@@@.@@@.@@@.@@@.@@@.@@@.@@@.@@@.@@@.@@@.@@@......@@@
@@@..............................................................................................................................................................................................................................................................................................................................................................................................................................................................................................................@@@
@@@.....@@@.@@@.@@@.@@@.@@@.@@@.@@@.@@@.@@@.@@@.@@@.@@@.@@@.@@@.@@@.@@@.@@@.@@@.@@@.@@@.@@@.@@@.@@@.@@@.@@@.@@@.@@@.@@@.@@@.@@@.@@@.@@@.@@@.@@@.@@@.@@@.@@@.@@@.@@@.@@@.@@@.@@@.@@@.@@@.@@@.@@@.@@@.@@@.@@@.@@@.@@@.@@@.@@@.@@@.@@@.@@@.@@@.@@@.@@@.@@@.@@@.@@@.@@@.@@@.@@@.@@@.@@@.@@@.@@@.@@@.@@@.@@@.@@@.@@@.@@@.@@@.@@@.@@@.@@@.@@@.@@@.@@@.@@@.@@@.@@@.@@@.@@@.@@@.@@@.@@@.@@@.@@@.@@@.@@@.@@@.@@@.@@@.@@@.@@@.@@@.@@@.@@@.@@@.@@@.@@@.@@@.@@@.@@@.@@@.@@@.@@@.@@@.@@@.@@@.@@@.@@@.@@@.@@@.@@@.@@@.@@@.........
........@@@.@@@.@@@.@@@.@@@.@@@.@@@.@@@.@@@.@@@.@@@.@@@.@@@.@@@.@@@.@@@.@@@.@@@.@@@.@@@.@@@.@@@.@@@.@@@.@@@.@@@.@@@.@@@.@@@.@@@.@@@.@@@.@@@.@@@.@@@.@@@.@@@.@@@.@@@.@@@.@@@.@@@.@@@.@@@.@@@.@@@.@@@.@@@.@@@.@@@.@@@.@@@.@@@.@@@.@@@.@@@.@@@.@@@.@@@.@@@.@@@.@@@.@@@.@@@.@@@.@@@.@@@.@@@.@@@.@@@.@@@.@@@.@@@.@@@.@@@.@@@.@@@.@@@.@@@.@@@.@@@.@@@.@@@.@@@.@@@.@@@.@@@.@@@.@@@.@@@.@@@.@@@.@@@.@@@.@@@.@@@.@@@.@@@.@@@.@@@.@@@.@@@.@@@.@@@.@@@.@@@.@@@.@@@.@@@.@@@.@@@.@@@.@@@.@@@.@@@.@@@.@@@.@@@.@@@.@@@.@@@.........
....................................................................................................................................................................................................................................................................................................................................................................................................................................................................................................................
........@@@.@@@.@@@.@@@.@@@.@@@.@@@.@@@.@@@.@@@.@@@.@@@.@@@.@@@.@@@.@@@.@@@.@@@.@@@.@@@.@@@.@@@.@@@.@@@.@@@.@@@.@@@.@@@.@@@.@@@.@@@.@@@.@@@.@@@.@@@.@@@.@@@.@@@.@@@.@@@.@@@.@@@.@@@.@@@.@@@.@@@.@@@.@@@.@@@.@@@.@@@.@@@.@@@.@@@.@@@.@@@.@@@.@@@.@@@.@@@.@@@.@@@.@@@.@@@.@@@.@@@.@@@.@@@.@@@.@@@.@@@.@@@.@@@.@@@.@@@.@@@.@@@.@@@.@@@.@@@.@@@.@@@.@@@.@@@.@@@.@@@.@@@.@@@.@@@.@@@.@@@.@@@.@@@.@@@.@@@.@@@.@@@.@@@.@@@.@@@.@@@.@@@.@@@.@@@.@@@.@@@.@@@.@@@.@@@.@@@.@@@.@@@.@@@.@@@.@@@.@@@.@@@.@@@.@@@.@@@.@@@.........
........@@@.@@@.@@@.@@@.@@@.@@@.@@@.@@@.@@@.@@@.@@@.@@@.@@@.@@@.@@@.@@@.@@@.@@@.@@@.@@@.@@@.@@@.@@@.@@@.@@@.@@@.@@@.@@@.@@@.@@@.@@@.@@@.@@@.@@@.@@@.@@@.@@@.@@@.@@@.@@@.@@@.@@@.@@@.@@@.@@@.@@@.@@@.@@@.@@@.@@@.@@@.@@@.@@@.@@@.@@@.@@@.@@@.@@@.@@@.@@@.@@@.@@@.@@@.@@@.@@@.@@@.@@@.@@@.@@@.@@@.@@@.@@@.@@@.@@@.@@@.@@@.@@@.@@@.@@@.@@@.@@@.@@@.@@@.@@@.@@@.@@@.@@@.@@@.@@@.@@@.@@@.@@@.@@@.@@@.@@@.@@@.@@@.@@@.@@@.@@@.@@@.@@@.@@@.@@@.@@@.@@@.@@@.@@@.@@@.@@@.@@@.@@@.@@@.@@@.@@@.@@@.@@@.@@@.@@@.@@@.@@@......@@@
@@@..............................................................................................................................................................................................................................................................................................................................................................................................................................................................................................................@@@
@@@.....@@@.@@@.@@@.@@@.@@@.@@@.@@@.@@@.@@@.@@@.@@@.@@@.@@@.@@@.@@@.@@@.@@@.@@@.@@@.@@@.@@@.@@@.@@@.@@@.@@@.@@@.@@@.@@@.@@@.@@@.@@@.@@@.@@@.@@@.@@@.@@@.@@@.@@@.@@@.@@@.@@@.@@@.@@@.@@@.@@@.@@@.@@@.@@@.@@@.@@@.@@@.@@@.@@@.@@@.@@@.@@@.@@@.@@@.@@@.@@@.@@@.@@@.@@@.@@@.@@@.@@@.@@@.@@@.@@@.@@@.@@@.@@@.@@@.@@@.@@@.@@@.@@@.@@@.@@@.@@@.@@@.@@@.@@@.@@@.@@@.@@@.@@@.@@@.@@@.@@@.@@@.@@@.@@@.@@@.@@@.@@@.@@@.@@@.@@@.@@@.@@@.@@@.@@@.@@@.@@@.@@@.@@@.@@@.@@@.@@@.@@@.@@@.@@@.@@@.@@@.@@@.@@@.@@@.@@@.@@@.@@@......@@@
@@@.....@@@.@@@.@@@.@@@.@@@.@@@.@@@.@@@.@@@.@@@.@@@.@@@.@@@.@@@.@@@.@@@.@@@.@@@.@@@.@@@.@@@.@@@.@@@.@@@.@@@.@@@.@@@.@@@.@@@.@@@.@@@.@@@.@@@.@@@.@@@.@@@.@@@.@@@.@@@.@@@.@@@.@@@.@@@.@@@.@@@.@@@.@@@.@@@.@@@.@@@.@@@.@@@.@@@.@@@.@@@.@@@.@@@.@@@.@@@.@@@.@@@.@@@.@@@.@@@.@@@.@@@.@@@.@@@.@@@.@@@.@@@.@@@.@@@.@@@.@@@.@@@.@@@.@@@.@@@.@@@.@@@.@@@.@@@.@@@.@@@.@@@.@@@.@@@.@@@.@@@.@@@.@@@.@@@.@@@.@@@.@@@.@@@.@@@.@@@.@@@.@@@.@@@.@@@.@@@.@@@.@@@.@@@.@@@.@@@.@@@.@@@.@@@.@@@.@@@.@@@.@@@.@@@.@@@.@@@.@@@.@@@.........
....................................................................................................................................................................................................................................................................................................................................................................................................................................................................................................................
........@@@.@@@.@@@.@@@.@@@.@@@.@@@.@@@.@@@.@@@.@@@.@@@.@@@.@@@.@@@.@@@.@@@.@@@.@@@.@@@.@@@.@@@.@@@.@@@.@@@.@@@.@@@.@@@.@@@.@@@.@@@.@@@.@@@.@@@.@@@.@@@.@@@.@@@.@@@.@@@.@@@.@@@.@@@.@@@.@@@.@@@.@@@.@@@.@@@.@@@.@@@.@@@.@@@.@@@.@@@.@@@.@@@.@@@.@@@.@@@.@@@.@@@.@@@.@@@.@@@.@@@.@@@.@@@.@@@.@@@.@@@.@@@.@@@.@@@.@@@.@@@.@@@.@@@.@@@.@@@.@@@.@@@.@@@.@@@.@@@.@@@.@@@.@@@.@@@.@@@.@@@.@@@.@@@.@@@.@@@.@@@.@@@.@@@.@@@.@@@.@@@.@@@.@@@.@@@.@@@.@@@.@@@.@@@.@@@.@@@.@@@.@@@.@@@.@@@.@@@.@@@.@@@.@@@.@@@.@@@.@@@.........
........@@@.@@@.@@@.@@@.@@@.@@@.@@@.@@@.@@@.@@@.@@@.@@@.@@@.@@@.@@@.@@@.@@@.@@@.@@@.@@@.@@@.@@@.@@@.@@@.@@@.@@@.@@@.@@@.@@@.@@@.@@@.@@@.@@@.@@@.@@@.@@@.@@@.@@@.@@@.@@@.@@@.@@@.@@@.@@@.@@@.@@@.@@@.@@@.@@@.@@@.@@@.@@@.@@@.@@@.@@@.@@@.@@@.@@@.@@@.@@@.@@@.@@@.@@@.@@@.@@@.@@@.@@@.@@@.@@@.@@@.@@@.@@@.@@@.@@@.@@@.@@@.@@@.@@@.@@@.@@@.@@@.@@@.@@@.@@@.@@@.@@@.@@@.@@@.@@@.@@@.@@@.@@@.@@@.@@@.@@@.@@@.@@@.@@@.@@@.@@@.@@@.@@@.@@@.@@@.@@@.@@@.@@@.@@@.@@@.@@@.@@@.@@@.@@@.@@@.@@@.@@@.@@@.@@@.@@@.@@@.@@@.........
.................................................................................................................................................................................................................................................................................................................................................................................................................................................................................................................@@@
@@@.....@@@.@@@.@@@.@@@.@@@.@@@.@@@.@@@.@@@.@@@.@@@.@@@.@@@.@@@.@@@.@@@.@@@.@@@.@@@.@@@.@@@.@@@.@@@.@@@.@@@.@@@.@@@.@@@.@@@.@@@.@@@.@@@.@@@.@@@.@@@.@@@.@@@.@@@.@@@.@@@.@@@.@@@.@@@.@@@.@@@.@@@.@@@.@@@.@@@.@@@.@@@.@@@.@@@.@@@.@@@.@@@.@@@.@@@.@@@.@@@.@@@.@@@.@@@.@@@.@@@.@@@.@@@.@@@.@@@.@@@.@@@.@@@.@@@.@@@.@@@.@@@.@@@.@@@.@@@.@@@.@@@.@@@.@@@.@@@.@@@.@@@.@@@.@@@.@@@.@@@.@@@.@@@.@@@.@@@.@@@.@@@.@@@.@@@.@@@.@@@.@@@.@@@.@@@.@@@.@@@.@@@.@@@.@@@.@@@.@@@.@@@.@@@.@@@.@@@.@@@.@@@.@@@.@@@.@@@.@@@.@@@......@@@
@@@.....@@@.@@@.@@@.@@@.@@@.@@@.@@@.@@@.@@@.@@@.@@@.@@@.@@@.@@@.@@@.@@@.@@@.@@@.@@@.@@@.@@@.@@@.@@@.@@@.@@@.@@@.@@@.@@@.@@@.@@@.@@@.@@@.@@@.@@@.@@@.@@@.@@@.@@@.@@@.@@@.@@@.@@@.@@@.@@@.@@@.@@@.@@@.@@@.@@@.@@@.@@@.@@@.@@@.@@@.@@@.@@@.@@@.@@@.@@@.@@@.@@@.@@@.@@@.@@@.@@@.@@@.@@@.@@@.@@@.@@@.@@@.@@@.@@@.@@@.@@@.@@@.@@@.@@@.@@@.@@@.@@@.@@@.@@@.@@@.@@@.@@@.@@@.@@@.@@@.@@@.@@@.@@@.@@@.@@@.@@@.@@@.@@@.@@@.@@@.@@@.@@@.@@@.@@@.@@@.@@@.@@@.@@@.@@@.@@@.@@@.@@@.@@@.@@@.@@@.@@@.@@@.@@@.@@@.@@@.@@@.@@@......@@@
@@@.................................................................................................................................................................................................................................................................................................................................................................................................................................................................................................................
........@@@.@@@.@@@.@@@.@@@.@@@.@@@.@@@.@@@.@@@.@@@.@@@.@@@.@@@.@@@.@@@.@@@.@@@.@@@.@@@.@@@.@@@.@@@.@@@.@@@.@@@.@@@.@@@.@@@.@@@.@@@.@@@.@@@.@@@.@@@.@@@.@@@.@@@.@@@.@@@.@@@.@@@.@@@.@@@.@@@.@@@.@@@.@@@.@@@.@@@.@@@.@@@.@@@.@@@.@@@.@@@.@@@.@@@.@@@.@@@.@@@.@@@.@@@.@@@.@@@.@@@.@@@.@@@.@@@.@@@.@@@.@@@.@@@.@@@.@@@.@@@.@@@.@@@.@@@.@@@.@@@.@@@.@@@.@@@.@@@.@@@.@@@.@@@.@@@.@@@.@@@.@@@.@@@.@@@.@@@.@@@.@@@.@@@.@@@.@@@.@@@.@@@.@@@.@@@.@@@.@@@.@@@.@@@.@@@.@@@.@@@.@@@.@@@.@@@.@@@.@@@.@@@.@@@.@@@.@@@.@@@.........
........@@@.@@@.@@@.@@@.@@@.@@@.@@@.@@@.@@@.@@@.@@@.@@@.@@@.@@@.@@@.@@@.@@@.@@@.@@@.@@@.@@@.@@@.@@@.@@@.@@@.@@@.@@@.@@@.@@@.@@@.@@@.@@@.@@@.@@@.@@@.@@@.@@@.@@@.@@@.@@@.@@@.@@@.@@@.@@@.@@@.@@@.@@@.@@@.@@@.@@@.@@@.@@@.@@@.@@@.@@@.@@@.@@@.@@@.@@@.@@@.@@@.@@@.@@@.@@@.@@@.@@@.@@@.@@@.@@@.@@@.@@@.@@@.@@@.@@@.@@@.@@@.@@@.@@@.@@@.@@@.@@@.@@@.@@@.@@@.@@@.@@@.@@@.@@@.@@@.@@@.@@@.@@@.@@@.@@@.@@@.@@@.@@@.@@@.@@@.@@@.@@@.@@@.@@@.@@@.@@@.@@@.@@@.@@@.@@@.@@@.@@@.@@@.@@@.@@@.@@@.@@@.@@@.@@@.@@@.@@@.@@@.........
....................................................................................................................................................................................................................................................................................................................................................................................................................................................................................................................
........@@@.@@@.@@@.@@@.@@@.@@@.@@@.@@@.@@@.@@@.@@@.@@@.@@@.@@@.@@@.@@@.@@@.@@@.@@@.@@@.@@@.@@@.@@@.@@@.@@@.@@@.@@@.@@@.@@@.@@@.@@@.@@@.@@@.@@@.@@@.@@@.@@@.@@@.@@@.@@@.@@@.@@@.@@@.@@@.@@@.@@@.@@@.@@@.@@@.@@@.@@@.@@@.@@@.@@@.@@@.@@@.@@@.@@@.@@@.@@@.@@@.@@@.@@@.@@@.@@@.@@@.@@@.@@@.@@@.@@@.@@@.@@@.@@@.@@@.@@@.@@@.@@@.@@@.@@@.@@@.@@@.@@@.@@@.@@@.@@@.@@@.@@@.@@@.@@@.@@@.@@@.@@@.@@@.@@@.@@@.@@@.@@@.@@@.@@@.@@@.@@@.@@@.@@@.@@@.@@@.@@@.@@@.@@@.@@@.@@@.@@@.@@@.@@@.@@@.@@@.@@@.@@@.@@@.@@@.@@@.@@@......@@@
@@@.....@@@.@@@.@@@.@@@.@@@.@@@.@@@.@@@.@@@.@@@.@@@.@@@.@@@.@@@.@@@.@@@.@@@.@@@.@@@.@@@.@@@.@@@.@@@.@@@.@@@.@@@.@@@.@@@.@@@.@@@.@@@.@@@.@@@.@@@.@@@.@@@.@@@.@@@.@@@.@@@.@@@.@@@.@@@.@@@.@@@.@@@.@@@.@@@.@@@.@@@.@@@.@@@.@@@.@@@.@@@.@@@.@@@.@@@.@@@.@@@.@@@.@@@.@@@.@@@.@@@.@@@.@@@.@@@.@@@.@@@.@@@.@@@.@@@.@@@.@@@.@@@.@@@.@@@.@@@.@@@.@@@.@@@.@@@.@@@.@@@.@@@.@@@.@@@.@@@.@@@.@@@.@@@.@@@.@@@.@@@.@@@.@@@.@@@.@@@.@@@.@@@.@@@.@@@.@@@.@@@.@@@.@@@.@@@.@@@.@@@.@@@.@@@.@@@.@@@.@@@.@@@.@@@.@@@.@@@.@@@.@@@......@@@
@@@..............................................................................................................................................................................................................................................................................................................................................................................................................................................................................................................@@@
@@@.....@@@.@@@.@@@.@@@.@@@.@@@.@@@.@@@.@@@.@@@.@@@.@@@.@@@.@@@.@@@.@@@.@@@.@@@.@@@.@@@.@@@.@@@.@@@.@@@.@@@.@@@.@@@.@@@.@@@.@@@.@@@.@@@.@@@.@@@.@@@.@@@.@@@.@@@.@@@.@@@.@@@.@@@.@@@.@@@.@@@.@@@.@@@.@@@.@@@.@@@.@@@.@@@.@@@.@@@.@@@.@@@.@@@.@@@.@@@.@@@.@@@.@@@.@@@.@@@.@@@.@@@.@@@.@@@.@@@.@@@.@@@.@@@.@@@.@@@.@@@.@@@.@@@.@@@.@@@.@@@.@@@.@@@.@@@.@@@.@@@.@@@.@@@.@@@.@@@.@@@.@@@.@@@.@@@.@@@.@@@.@@@.@@@.@@@.@@@.@@@.@@@.@@@.@@@.@@@.@@@.@@@.@@@.@@@.@@@.@@@.@@@.@@@.@@@.@@@.@@@.@@@.@@@.@@@.@@@.@@@.@@@.........
........@@@.@@@.@@@.@@@.@@@.@@@.@@@.@@@.@@@.@@@.@@@.@@@.@@@.@@@.@@@.@@@.@@@.@@@.@@@.@@@.@@@.@@@.@@@.@@@.@@@.@@@.@@@.@@@.@@@.@@@.@@@.@@@.@@@.@@@.@@@.@@@.@@@.@@@.@@@.@@@.@@@.@@@.@@@.@@@.@@@.@@@.@@@.@@@.@@@.@@@.@@@.@@@.@@@.@@@.@@@.@@@.@@@.@@@.@@@.@@@.@@@.@@@.@@@.@@@.@@@.@@@.@@@.@@@.@@@.@@@.@@@.@@@.@@@.@@@.@@@.@@@.@@@.@@@.@@@.@@@.@@@.@@@.@@@.@@@.@@@.@@@.@@@.@@@.@@@.@@@.@@@.@@@.@@@.@@@.@@@.@@@.@@@.@@@.@@@.@@@.@@@.@@@.@@@.@@@.@@@.@@@.@@@.@@@.@@@.@@@.@@@.@@@.@@@.@@@.@@@.@@@.@@@.@@@.@@@.@@@.@@@.........
....................................................................................................................................................................................................................................................................................................................................................................................................................................................................................................................
........@@@.@@@.@@@.@@@.@@@.@@@.@@@.@@@.@@@.@@@.@@@.@@@.@@@.@@@.@@@.@@@.@@@.@@@.@@@.@@@.@@@.@@@.@@@.@@@.@@@.@@@.@@@.@@@.@@@.@@@.@@@.@@@.@@@.@@@.@@@.@@@.@@@.@@@.@@@.@@@.@@@.@@@.@@@.@@@.@@@.@@@.@@@.@@@.@@@.@@@.@@@.@@@.@@@.@@@.@@@.@@@.@@@.@@@.@@@.@@@.@@@.@@@.@@@.@@@.@@@.@@@.@@@.@@@.@@@.@@@.@@@.@@@.@@@.@@@.@@@.@@@.@@@.@@@.@@@.@@@.@@@.@@@.@@@.@@@.@@@.@@@.@@@.@@@.@@@.@@@.@@@.@@@.@@@.@@@.@@@.@@@.@@@.@@@.@@@.@@@.@@@.@@@.@@@.@@@.@@@.@@@.@@@.@@@.@@@.@@@.@@@.@@@.@@@.@@@.@@@.@@@.@@@.@@@.@@@.@@@.@@@.........
........@@@.@@@.@@@.@@@.@@@.@@@.@@@.@@@.@@@.@@@.@@@.@@@.@@@.@@@.@@@.@@@.@@@.@@@.@@@.@@@.@@@.@@@.@@@.@@@.@@@.@@@.@@@.@@@.@@@.@@@.@@@.@@@.@@@.@@@.@@@.@@@.@@@.@@@.@@@.@@@.@@@.@@@.@@@.@@@.@@@.@@@.@@@.@@@.@@@.@@@.@@@.@@@.@@@.@@@.@@@.@@@.@@@.@@@.@@@.@@@.@@@.@@@.@@@.@@@.@@@.@@@.@@@.@@@.@@@.@@@.@@@.@@@.@@@.@@@.@@@.@@@.@@@.@@@.@@@.@@@.@@@.@@@.@@@.@@@.@@@.@@@.@@@.@@@.@@@.@@@.@@@.@@@.@@@.@@@.@@@.@@@.@@@.@@@.@@@.@@@.@@@.@@@.@@@.@@@.@@@.@@@.@@@.@@@.@@@.@@@.@@@.@@@.@@@.@@@.@@@.@@@.@@@.@@@.@@@.@@@.@@@......@@@
@@@..............................................................................................................................................................................................................................................................................................................................................................................................................................................................................................................@@@
@@@.....@@@.@@@.@@@.@@@.@@@.@@@.@@@.@@@.@@@.@@@.@@@.@@@.@@@.@@@.@@@.@@@.@@@.@@@.@@@.@@@.@@@.@@@.@@@.@@@.@@@.@@@.@@@.@@@.@@@.@@@.@@@.@@@.@@@.@@@.@@@.@@@.@@@.@@@.@@@.@@@.@@@.@@@.@@@.@@@.@@@.@@@.@@@.@@@.@@@.@@@.@@@.@@@.@@@.@@@.@@@.@@@.@@@.@@@.@@@.@@@.@@@.@@@.@@@.@@@.@@@.@@@.@@@.@@@.@@@.@@@.@@@.@@@.@@@.@@@.@@@.@@@.@@@.@@@.@@@.@@@.@@@.@@@.@@@.@@@.@@@.@@@.@@@.@@@.@@@.@@@.@@@.@@@.@@@.@@@.@@@.@@@.@@@.@@@.@@@.@@@.@@@.@@@.@@@.@@@.@@@.@@@.@@@.@@@.@@@.@@@.@@@.@@@.@@@.@@@.@@@.@@@.@@@.@@@.@@@.@@@.@@@......@@@
@@@.....@@@.@@@.@@@.@@@.@@@.@@@.@@@.@@@.@@@.@@@.@@@.@@@.@@@.@@@.@@@.@@@.@@@.@@@.@@@.@@@.@@@.@@@.@@@.@@@.@@@.@@@.@@@.@@@.@@@.@@@.@@@.@@@.@@@.@@@.@@@.@@@.@@@.@@@.@@@.@@@.@@@.@@@.@@@.@@@.@@@.@@@.@@@.@@@.@@@.@@@.@@@.@@@.@@@.@@@.@@@.@@@.@@@.@@@.@@@.@@@.@@@.@@@.@@@.@@@.@@@.@@@.@@@.@@@.@@@.@@@.@@@.@@@.@@@.@@@.@@@.@@@.@@@.@@@.@@@.@@@.@@@.@@@.@@@.@@@.@@@.@@@.@@@.@@@.@@@.@@@.@@@.@@@.@@@.@@@.@@@.@@@.@@@.@@@.@@@.@@@.@@@.@@@.@@@.@@@.@@@.@@@.@@@.@@@.@@@.@@@.@@@.@@@.@@@.@@@.@@@.@@@.@@@.@@@.@@@.@@@.@@@.........
....................................................................................................................................................................................................................................................................................................................................................................................................................................................................................................................
........@@@.@@@.@@@.@@@.@@@.@@@.@@@.@@@.@@@.@@@.@@@.@@@.@@@.@@@.@@@.@@@.@@@.@@@.@@@.@@@.@@@.@@@.@@@.@@@.@@@.@@@.@@@.@@@.@@@.@@@.@@@.@@@.@@@.@@@.@@@.@@@.@@@.@@@.@@@.@@@.@@@.@@@.@@@.@@@.@@@.@@@.@@@.@@@.@@@.@@@.@@@.@@@.@@@.@@@.@@@.@@@.@@@.@@@.@@@.@@@.@@@.@@@.@@@.@@@.@@@.@@@.@@@.@@@.@@@.@@@.@@@.@@@.@@@.@@@.@@@.@@@.@@@.@@@.@@@.@@@.@@@.@@@.@@@.@@@.@@@.@@@.@@@.@@@.@@@.@@@.@@@.@@@.@@@.@@@.@@@.@@@.@@@.@@@.@@@.@@@.@@@.@@@.@@@.@@@.@@@.@@@.@@@.@@@.@@@.@@@.@@@.@@@.@@@.@@@.@@@.@@@.@@@.@@@.@@@.@@@.@@@.........
........@@@.@@@.@@@.@@@.@@@.@@@.@@@.@@@.@@@.@@@.@@@.@@@.@@@.@@@.@@@.@@@.@@@.@@@.@@@.@@@.@@@.@@@.@@@.@@@.@@@.@@@.@@@.@@@.@@@.@@@.@@@.@@@.@@@.@@@.@@@.@@@.@@@.@@@.@@@.@@@.@@@.@@@.@@@.@@@.@@@.@@@.@@@.@@@.@@@.@@@.@@@.@@@.@@@.@@@.@@@.@@@.@@@.@@@.@@@.@@@.@@@.@@@.@@@.@@@.@@@.@@@.@@@.@@@.@@@.@@@.@@@.@@@.@@@.@@@.@@@.@@@.@@@.@@@.@@@.@@@.@@@.@@@.@@@.@@@.@@@.@@@.@@@.@@@.@@@.@@@.@@@.@@@.@@@.@@@.@@@.@@@.@@@.@@@.@@@.@@@.@@@.@@@.@@@.@@@.@@@.@@@.@@@.@@@.@@@.@@@.@@@.@@@.@@@.@@@.@@@.@@@.@@@.@@@.@@@.@@@.@@@.........
.................................................................................................................................................................................................................................................................................................................................................................................................................................................................................................................@@@
@@@.....@@@.@@@.@@@.@@@.@@@.@@@.@@@.@@@.@@@.@@@.@@@.@@@.@@@.@@@.@@@.@@@.@@@.@@@.@@@.@@@.@@@.@@@.@@@.@@@.@@@.@@@.@@@.@@@.@@@.@@@.@@@.@@@.@@@.@@@.@@@.@@@.@@@.@@@.@@@.@@@.@@@.@@@.@@@.@@@.@@@.@@@.@@@.@@@.@@@.@@@.@@@.@@@.@@@.@@@.@@@.@@@.@@@.@@@.@@@.@@@.@@@.@@@.@@@.@@@.@@@.@@@.@@@.@@@.@@@.@@@.@@@.@@@.@@@.@@@.@@@.@@@.@@@.@@@.@@@.@@@.@@@.@@@.@@@.@@@.@@@.@@@.@@@.@@@.@@@.@@@.@@@.@@@.@@@.@@@.@@@.@@@.@@@.@@@.@@@.@@@.@@@.@@@.@@@.@@@.@@@.@@@.@@@.@@@.@@@.@@@.@@@.@@@.@@@.@@@.@@@.@@@.@@@.@@@.@@@.@@@.@@@......@@@
@@@.....@@@.@@@.@@@.@@@.@@@.@@@.@@@.@@@.@@@.@@@.@@@.@@@.@@@.@@@.@@@.@@@.@@@.@@@.@@@.@@@.@@@.@@@.@@@.@@@.@@@.@@@.@@@.@@@.@@@.@@@.@@@.@@@.@@@.@@@.@@@.@@@.@@@.@@@.@@@.@@@.@@@.@@@.@@@.@@@.@@@.@@@.@@@.@@@.@@@.@@@.@@@.@@@.@@@.@@@.@@@.@@@.@@@.@@@.@@@.@@@.@@@.@@@.@@@.@@@.@@@.@@@.@@@.@@@.@@@.@@@.@@@.@@@.@@@.@@@.@@@.@@@.@@@.@@@.@@@.@@@.@@@.@@@.@@@.@@@.@@@.@@@.@@@.@@@.@@@.@@@.@@@.@@@.@@@.@@@.@@@.@@@.@@@.@@@.@@@.@@@.@@@.@@@.@@@.@@@.@@@.@@@.@@@.@@@.@@@.@@@.@@@.@@@.@@@.@@@.@@@.@@@.@@@.@@@.@@@.@@@.@@@......@@@
@@@.................................................................................................................................................................................................................................................................................................................................................................................................................................................................................................................
........@@@.@@@.@@@.@@@.@@@.@@@.@@@.@@@.@@@.@@@.@@@.@@@.@@@.@@@.@@@.@@@.@@@.@@@.@@@.@@@.@@@.@@@.@@@.@@@.@@@.@@@.@@@.@@@.@@@.@@@.@@@.@@@.@@@.@@@.@@@.@@@.@@@.@@@.@@@.@@@.@@@.@@@.@@@.@@@.@@@.@@@.@@@.@@@.@@@.@@@.@@@.@@@.@@@.@@@.@@@.@@@.@@@.@@@.@@@.@@@.@@@.@@@.@@@.@@@.@@@.@@@.@@@.@@@.@@@.@@@.@@@.@@@.@@@.@@@.@@@.@@@.@@@.@@@.@@@.@@@.@@@.@@@.@@@.@@@.@@@.@@@.@@@.@@@.@@@.@@@.@@@.@@@.@@@.@@@.@@@.@@@.@@@.@@@.@@@.@@@.@@@.@@@.@@@.@@@.@@@.@@@.@@@.@@@.@@@.@@@.@@@.@@@.@@@.@@@.@@@.@@@.@@@.@@@.@@@.@@@.@@@.........
........@@@.@@@.@@@.@@@.@@@.@@@.@@@.@@@.@@@.@@@.@@@.@@@.@@@.@@@.@@@.@@@.@@@.@@@.@@@.@@@.@@@.@@@.@@@.@@@.@@@.@@@.@@@.@@@.@@@.@@@.@@@.@@@.@@@.@@@.@@@.@@@.@@@.@@@.@@@.@@@.@@@.@@@.@@@.@@@.@@@.@@@.@@@.@@@.@@@.@@@.@@@.@@@.@@@.@@@.@@@.@@@.@@@.@@@.@@@.@@@.@@@.@@@.@@@.@@@.@@@.@@@.@@@.@@@.@@@.@@@.@@@.@@@.@@@.@@@.@@@.@@@.@@@.@@@.@@@.@@@.@@@.@@@.@@@.@@@.@@@.@@@.@@@.@@@.@@@.@@@.@@@.@@@.@@@.@@@.@@@.@@@.@@@.@@@.@@@.@@@.@@@.@@@.@@@.@@@.@@@.@@@.@@@.@@@.@@@.@@@.@@@.@@@.@@@.@@@.@@@.@@@.@@@.@@@.@@@.@@@.@@@.........
....................................................................................................................................................................................................................................................................................................................................................................................................................................................................................................................
.................................................................................................................................................................................................................................................................................................................................................................................................................................................................................................................@@@
.................................................................................................................................................................................................................................................................................................................................................................................................................................................................................................................@@@
.................................................................................................................................................................................................................................................................................................................................................................................................................................................................................................................@@@
....................................................................................................................................................................................................................................................................................................................................................................................................................................................................................................................
....................................................................................................................................................................................................................................................................................................................................................................................................................................................................................................................
@@@@............................................................................................................................................................................................................................................................................................................................................................................................................................................................................................................@@@@
@@@@..@@@....@@@....@@@....@@@....@@@....@@@....@@@....@@@....@@@....@@@....@@@....@@@....@@@....@@@....@@@....@@@....@@@....@@@....@@@....@@@....@@@....@@@....@@@....@@@....@@@....@@@....@@@....@@@....@@@....@@@....@@@....@@@....@@@....@@@....@@@....@@@....@@@....@@@....@@@....@@@....@@@....@@@....@@@....@@@....@@@....@@@....@@@....@@@....@@@....@@@....@@@....@@@....@@@....@@@....@@@....@@@....@@@....@@@....@@@....@@@....@@@....@@@....@@@....@@@....@@@....@@@....@@@....@@@....@@@....@@@....@@@@
@@@@..@@@....@@@....@@@....@@@....@@@....@@@....@@@....@@@....@@@....@@@....@@@....@@@....@@@....@@@....@@@....@@@....@@@....@@@....@@@....@@@....@@@....@@@....@@@....@@@....@@@....@@@....@@@....@@@....@@@....@@@....@@@....@@@....@@@....@@@....@@@....@@@....@@@....@@@....@@@....@@@....@@@....@@@....@@@....@@@....@@@....@@@....@@@....@@@....@@@....@@@....@@@....@@@....@@@....@@@....@@@....@@@....@@@....@@@....@@@....@@@....@@@....@@@....@@@....@@@....@@@....@@@....@@@....@@@....@@@....@@@....@@@@
@@@@..@@@....@@@....@@@....@@@....@@@....@@@....@@@....@@@....@@@....@@@....@@@....@@@....@@@....@@@....@@@....@@@....@@@....@@@....@@@....@@@....@@@....@@@....@@@....@@@....@@@....@@@....@@@....@@@....@@@....@@@....@@@....@@@....@@@....@@@....@@@....@@@....@@@....@@@....@@@....@@@....@@@....@@@....@@@....@@@....@@@....@@@....@@@....@@@....@@@....@@@....@@@....@@@....@@@....@@@....@@@....@@@....@@@....@@@....@@@....@@@....@@@....@@@....@@@....@@@....@@@....@@@....@@@....@@@....@@@....@@@....@@@@
